[COPY] Beauty.inter.json
[QUANT] collaborative index
[collaborative] loading embedding from /root/rivermind-data/diffandletter/DIFF/2eager/ckpt/Beauty/cf_emb.pt
/root/rivermind-data/EAGER/quant/build_eager_codes.py:35: FutureWarning: You are using `torch.load` with `weights_only=False` (the current default value), which uses the default pickle module implicitly. It is possible to construct malicious pickle data which will execute arbitrary code during unpickling (See https://github.com/pytorch/pytorch/blob/main/SECURITY.md#untrusted-models for more details). In a future release, the default value for `weights_only` will be flipped to `True`. This limits the functions that could be executed during unpickling. Arbitrary objects will no longer be allowed to be loaded via this mode unless they are explicitly allowlisted by the user via `torch.serialization.add_safe_globals`. We recommend you start setting `weights_only=True` for any use case where you don't have full control of the loaded file. Please open an issue on GitHub for any issues related to this experimental feature.
  data = torch.load(path, map_location="cpu")
[collaborative] embedding shape=(12101, 64) cuda_device=0
[collaborative] start Tree construction
start to construct
get into cluster training process
start to cluster
Train iteration done, pcode:0, data size: 65536, elapsed time: 124.56459617614746
start to process mini-batch parallel.....................................
cluster all the nodes, cost 23.015366792678833 s
[collaborative] item_to_code -> /root/rivermind-data/EAGER/quant/outputs/Beauty/eager_collaborative_k256_item_to_code.npy
[collaborative] code_to_item -> /root/rivermind-data/EAGER/quant/outputs/Beauty/eager_collaborative_k256_code_to_item.npy
[collaborative] tiger index -> /root/rivermind-data/EAGER/quant/outputs/Beauty/eager_collaborative_k256.index.json
[collaborative] finished tree export
Minbatch, batch size: 256, elapsed: 0.0008571147918701172
Minbatch, batch size: 256, elapsed: 0.0007119178771972656
Minbatch, batch size: 256, elapsed: 0.00069427490234375
Minbatch, batch size: 256, elapsed: 0.0007121562957763672
Minbatch, batch size: 256, elapsed: 0.00086212158203125
Minbatch, batch size: 256, elapsed: 0.0007569789886474609
Minbatch, batch size: 256, elapsed: 0.0008172988891601562
Minbatch, batch size: 256, elapsed: 0.0008769035339355469
Minbatch, batch size: 256, elapsed: 0.0009174346923828125
Minbatch, batch size: 256, elapsed: 0.0008721351623535156
Minbatch, batch size: 256, elapsed: 0.001146554946899414
Minbatch, batch size: 256, elapsed: 0.0007276535034179688
Minbatch, batch size: 256, elapsed: 0.0007495880126953125
Minbatch, batch size: 256, elapsed: 0.0011942386627197266
Minbatch, batch size: 256, elapsed: 0.0006983280181884766
Minbatch, batch size: 256, elapsed: 0.0008931159973144531
Minbatch, batch size: 256, elapsed: 0.0006728172302246094
Minbatch, batch size: 256, elapsed: 0.00067901611328125
Minbatch, batch size: 256, elapsed: 0.0010766983032226562
Minbatch, batch size: 256, elapsed: 0.000705718994140625
Minbatch, batch size: 256, elapsed: 0.0006959438323974609
Minbatch, batch size: 256, elapsed: 0.0009517669677734375
Minbatch, batch size: 256, elapsed: 0.0006983280181884766
Minbatch, batch size: 256, elapsed: 0.0009412765502929688
Minbatch, batch size: 256, elapsed: 0.0008487701416015625
Minbatch, batch size: 256, elapsed: 0.0007588863372802734
Minbatch, batch size: 256, elapsed: 0.0010631084442138672
Minbatch, batch size: 256, elapsed: 0.0008225440979003906
Minbatch, batch size: 256, elapsed: 0.0007195472717285156
Minbatch, batch size: 256, elapsed: 0.0007073879241943359
Minbatch, batch size: 256, elapsed: 0.0007328987121582031
Minbatch, batch size: 256, elapsed: 0.0008585453033447266
Minbatch, batch size: 256, elapsed: 0.000732421875
Minbatch, batch size: 256, elapsed: 0.0007193088531494141
Minbatch, batch size: 256, elapsed: 0.0007135868072509766
Minbatch, batch size: 256, elapsed: 0.0009338855743408203
Minbatch, batch size: 256, elapsed: 0.0007627010345458984
Minbatch, batch size: 256, elapsed: 0.0007359981536865234
Minbatch, batch size: 256, elapsed: 0.0009143352508544922
Minbatch, batch size: 256, elapsed: 0.0007314682006835938
Minbatch, batch size: 256, elapsed: 0.0008268356323242188
Minbatch, batch size: 256, elapsed: 0.00070953369140625
Minbatch, batch size: 256, elapsed: 0.0006899833679199219
Minbatch, batch size: 256, elapsed: 0.0007312297821044922
Minbatch, batch size: 256, elapsed: 0.0010592937469482422
Minbatch, batch size: 256, elapsed: 0.0007317066192626953
Minbatch, batch size: 256, elapsed: 0.0007183551788330078
Minbatch, batch size: 256, elapsed: 0.0007226467132568359
Minbatch, batch size: 256, elapsed: 0.0007259845733642578
Minbatch, batch size: 256, elapsed: 0.0008406639099121094
Minbatch, batch size: 256, elapsed: 0.0007491111755371094
Minbatch, batch size: 256, elapsed: 0.0007517337799072266
Minbatch, batch size: 256, elapsed: 0.0009958744049072266
Minbatch, batch size: 256, elapsed: 0.0008494853973388672
Minbatch, batch size: 256, elapsed: 0.0007579326629638672
Minbatch, batch size: 256, elapsed: 0.0007336139678955078
Minbatch, batch size: 256, elapsed: 0.0007612705230712891
Minbatch, batch size: 256, elapsed: 0.0008754730224609375
Minbatch, batch size: 256, elapsed: 0.0007548332214355469
Minbatch, batch size: 256, elapsed: 0.0007045269012451172
Minbatch, batch size: 256, elapsed: 0.0007035732269287109
Minbatch, batch size: 256, elapsed: 0.0006997585296630859
Minbatch, batch size: 256, elapsed: 0.0010294914245605469
Minbatch, batch size: 256, elapsed: 0.0007410049438476562
Minbatch, batch size: 256, elapsed: 0.0007150173187255859
Minbatch, batch size: 256, elapsed: 0.0008771419525146484
Minbatch, batch size: 256, elapsed: 0.0009028911590576172
Minbatch, batch size: 256, elapsed: 0.0009627342224121094
Minbatch, batch size: 256, elapsed: 0.0008382797241210938
Minbatch, batch size: 256, elapsed: 0.0009210109710693359
Minbatch, batch size: 256, elapsed: 0.0009634494781494141
Minbatch, batch size: 256, elapsed: 0.0009658336639404297
Minbatch, batch size: 256, elapsed: 0.0009007453918457031
Minbatch, batch size: 256, elapsed: 0.0007996559143066406
Minbatch, batch size: 256, elapsed: 0.0007791519165039062
Minbatch, batch size: 256, elapsed: 0.0007841587066650391
Minbatch, batch size: 256, elapsed: 0.0007753372192382812
Minbatch, batch size: 256, elapsed: 0.0009894371032714844
Minbatch, batch size: 256, elapsed: 0.000751495361328125
Minbatch, batch size: 256, elapsed: 0.0007162094116210938
Minbatch, batch size: 256, elapsed: 0.0008664131164550781
Minbatch, batch size: 256, elapsed: 0.0008654594421386719
Minbatch, batch size: 256, elapsed: 0.0009288787841796875
Minbatch, batch size: 256, elapsed: 0.0007605552673339844
Minbatch, batch size: 256, elapsed: 0.0008132457733154297
Minbatch, batch size: 256, elapsed: 0.0007402896881103516
Minbatch, batch size: 256, elapsed: 0.0007352828979492188
Minbatch, batch size: 256, elapsed: 0.00092315673828125
Minbatch, batch size: 256, elapsed: 0.0008234977722167969
Minbatch, batch size: 256, elapsed: 0.0007643699645996094
Minbatch, batch size: 256, elapsed: 0.0007421970367431641
Minbatch, batch size: 256, elapsed: 0.0007598400115966797
Minbatch, batch size: 256, elapsed: 0.0011124610900878906
Minbatch, batch size: 256, elapsed: 0.0007343292236328125
Minbatch, batch size: 256, elapsed: 0.0007386207580566406
Minbatch, batch size: 256, elapsed: 0.0007174015045166016
Minbatch, batch size: 256, elapsed: 0.0007956027984619141
Minbatch, batch size: 256, elapsed: 0.0008521080017089844
Minbatch, batch size: 256, elapsed: 0.0007593631744384766
Minbatch, batch size: 256, elapsed: 0.0007145404815673828
Minbatch, batch size: 256, elapsed: 0.0007178783416748047
Minbatch, batch size: 256, elapsed: 0.0007064342498779297
Minbatch, batch size: 256, elapsed: 0.0008759498596191406
Minbatch, batch size: 256, elapsed: 0.0007801055908203125
Minbatch, batch size: 256, elapsed: 0.0008547306060791016
Minbatch, batch size: 256, elapsed: 0.0007448196411132812
Minbatch, batch size: 256, elapsed: 0.0007255077362060547
Minbatch, batch size: 256, elapsed: 0.0013704299926757812
Minbatch, batch size: 256, elapsed: 0.0008804798126220703
Minbatch, batch size: 256, elapsed: 0.0007581710815429688
Minbatch, batch size: 256, elapsed: 0.0007493495941162109
Minbatch, batch size: 256, elapsed: 0.0007576942443847656
Minbatch, batch size: 256, elapsed: 0.0008871555328369141
Minbatch, batch size: 256, elapsed: 0.0007426738739013672
Minbatch, batch size: 256, elapsed: 0.0009508132934570312
Minbatch, batch size: 256, elapsed: 0.0007171630859375
Minbatch, batch size: 256, elapsed: 0.0007250308990478516
Minbatch, batch size: 256, elapsed: 0.0009009838104248047
Minbatch, batch size: 256, elapsed: 0.0010447502136230469
Minbatch, batch size: 256, elapsed: 0.0007464885711669922
Minbatch, batch size: 256, elapsed: 0.0007376670837402344
Minbatch, batch size: 256, elapsed: 0.0007474422454833984
Minbatch, batch size: 256, elapsed: 0.0009136199951171875
Minbatch, batch size: 256, elapsed: 0.001117706298828125
Minbatch, batch size: 256, elapsed: 0.0007262229919433594
Minbatch, batch size: 256, elapsed: 0.0007169246673583984
Minbatch, batch size: 256, elapsed: 0.0007841587066650391
Minbatch, batch size: 256, elapsed: 0.0006997585296630859
Minbatch, batch size: 256, elapsed: 0.0009062290191650391
Minbatch, batch size: 256, elapsed: 0.0010693073272705078
Minbatch, batch size: 256, elapsed: 0.0007143020629882812
Minbatch, batch size: 256, elapsed: 0.0007336139678955078
Minbatch, batch size: 256, elapsed: 0.000888824462890625
Minbatch, batch size: 256, elapsed: 0.0007114410400390625
Minbatch, batch size: 256, elapsed: 0.0008673667907714844
Minbatch, batch size: 256, elapsed: 0.0007658004760742188
Minbatch, batch size: 256, elapsed: 0.0007958412170410156
Minbatch, batch size: 256, elapsed: 0.0007042884826660156
Minbatch, batch size: 256, elapsed: 0.0007052421569824219
Minbatch, batch size: 256, elapsed: 0.0007050037384033203
Minbatch, batch size: 256, elapsed: 0.0011949539184570312
Minbatch, batch size: 256, elapsed: 0.0007491111755371094
Minbatch, batch size: 256, elapsed: 0.0007064342498779297
Minbatch, batch size: 256, elapsed: 0.0007123947143554688
Minbatch, batch size: 256, elapsed: 0.0007059574127197266
Minbatch, batch size: 256, elapsed: 0.0008857250213623047
Minbatch, batch size: 256, elapsed: 0.0007410049438476562
Minbatch, batch size: 256, elapsed: 0.0009648799896240234
Minbatch, batch size: 256, elapsed: 0.0007529258728027344
Minbatch, batch size: 256, elapsed: 0.0007202625274658203
Minbatch, batch size: 256, elapsed: 0.0009534358978271484
Minbatch, batch size: 256, elapsed: 0.0007562637329101562
Minbatch, batch size: 256, elapsed: 0.0007641315460205078
Minbatch, batch size: 256, elapsed: 0.0007712841033935547
Minbatch, batch size: 256, elapsed: 0.0007636547088623047
Minbatch, batch size: 256, elapsed: 0.0007116794586181641
Minbatch, batch size: 256, elapsed: 0.0008611679077148438
Minbatch, batch size: 256, elapsed: 0.0007297992706298828
Minbatch, batch size: 256, elapsed: 0.0007238388061523438
Minbatch, batch size: 256, elapsed: 0.0007538795471191406
Minbatch, batch size: 256, elapsed: 0.0008368492126464844
Minbatch, batch size: 256, elapsed: 0.0008893013000488281
Minbatch, batch size: 256, elapsed: 0.0007441043853759766
Minbatch, batch size: 256, elapsed: 0.0007481575012207031
Minbatch, batch size: 256, elapsed: 0.0007236003875732422
Minbatch, batch size: 256, elapsed: 0.0009279251098632812
Minbatch, batch size: 256, elapsed: 0.049189090728759766
Minbatch, batch size: 256, elapsed: 0.0010075569152832031
Minbatch, batch size: 256, elapsed: 0.0008974075317382812
Minbatch, batch size: 256, elapsed: 0.0008587837219238281
Minbatch, batch size: 256, elapsed: 0.0007531642913818359
Minbatch, batch size: 256, elapsed: 0.000728607177734375
Minbatch, batch size: 256, elapsed: 0.0010993480682373047
Minbatch, batch size: 256, elapsed: 0.0009217262268066406
Minbatch, batch size: 256, elapsed: 0.0009827613830566406
Minbatch, batch size: 256, elapsed: 0.0007758140563964844
Minbatch, batch size: 256, elapsed: 0.0007350444793701172
Minbatch, batch size: 256, elapsed: 0.0008943080902099609
Minbatch, batch size: 256, elapsed: 0.000993967056274414
Minbatch, batch size: 256, elapsed: 0.0007710456848144531
Minbatch, batch size: 256, elapsed: 0.0007193088531494141
Minbatch, batch size: 256, elapsed: 0.0007288455963134766
Minbatch, batch size: 256, elapsed: 0.0007388591766357422
Minbatch, batch size: 256, elapsed: 0.0009613037109375
Minbatch, batch size: 256, elapsed: 0.0009191036224365234
Minbatch, batch size: 256, elapsed: 0.0007541179656982422
Minbatch, batch size: 256, elapsed: 0.000751495361328125
Minbatch, batch size: 256, elapsed: 0.0007622241973876953
Minbatch, batch size: 256, elapsed: 0.0007746219635009766
Minbatch, batch size: 256, elapsed: 0.0008971691131591797
Minbatch, batch size: 256, elapsed: 0.0007386207580566406
Minbatch, batch size: 256, elapsed: 0.0007460117340087891
Minbatch, batch size: 256, elapsed: 0.0009632110595703125
Minbatch, batch size: 256, elapsed: 0.000705718994140625
Minbatch, batch size: 256, elapsed: 0.0009913444519042969
Minbatch, batch size: 256, elapsed: 0.0007507801055908203
Minbatch, batch size: 256, elapsed: 0.0008823871612548828
Minbatch, batch size: 256, elapsed: 0.0007333755493164062
Minbatch, batch size: 256, elapsed: 0.0007381439208984375
Minbatch, batch size: 256, elapsed: 0.0007069110870361328
Minbatch, batch size: 256, elapsed: 0.0010747909545898438
Minbatch, batch size: 256, elapsed: 0.0007610321044921875
Minbatch, batch size: 256, elapsed: 0.000926971435546875
Minbatch, batch size: 256, elapsed: 0.0007398128509521484
Minbatch, batch size: 256, elapsed: 0.0007216930389404297
Minbatch, batch size: 256, elapsed: 0.0006997585296630859
Minbatch, batch size: 256, elapsed: 0.0009634494781494141
Minbatch, batch size: 256, elapsed: 0.0007562637329101562
Minbatch, batch size: 256, elapsed: 0.0007421970367431641
Minbatch, batch size: 256, elapsed: 0.0008866786956787109
Minbatch, batch size: 256, elapsed: 0.0007574558258056641
Minbatch, batch size: 256, elapsed: 0.0007581710815429688
Minbatch, batch size: 256, elapsed: 0.0008745193481445312
Minbatch, batch size: 256, elapsed: 0.0007290840148925781
Minbatch, batch size: 256, elapsed: 0.0007345676422119141
Minbatch, batch size: 256, elapsed: 0.0007379055023193359
Minbatch, batch size: 256, elapsed: 0.0009667873382568359
Minbatch, batch size: 256, elapsed: 0.000985860824584961
Minbatch, batch size: 256, elapsed: 0.0008101463317871094
Minbatch, batch size: 256, elapsed: 0.0007760524749755859
Minbatch, batch size: 256, elapsed: 0.0007660388946533203
Minbatch, batch size: 256, elapsed: 0.0007607936859130859
Minbatch, batch size: 256, elapsed: 0.0009517669677734375
Minbatch, batch size: 256, elapsed: 0.0009238719940185547
Minbatch, batch size: 256, elapsed: 0.0007410049438476562
Minbatch, batch size: 256, elapsed: 0.0007488727569580078
Minbatch, batch size: 256, elapsed: 0.0007605552673339844
Minbatch, batch size: 256, elapsed: 0.0009791851043701172
Minbatch, batch size: 256, elapsed: 0.0008726119995117188
Minbatch, batch size: 256, elapsed: 0.0007300376892089844
Minbatch, batch size: 256, elapsed: 0.0008778572082519531
Minbatch, batch size: 256, elapsed: 0.0009291172027587891
Minbatch, batch size: 256, elapsed: 0.0009341239929199219
Minbatch, batch size: 256, elapsed: 0.0008742809295654297
Minbatch, batch size: 256, elapsed: 0.0007939338684082031
Minbatch, batch size: 256, elapsed: 0.0008931159973144531
Minbatch, batch size: 256, elapsed: 0.0007841587066650391
Minbatch, batch size: 256, elapsed: 0.0007419586181640625
Minbatch, batch size: 256, elapsed: 0.0007529258728027344
Minbatch, batch size: 256, elapsed: 0.0008680820465087891
Minbatch, batch size: 256, elapsed: 0.0007958412170410156
Minbatch, batch size: 256, elapsed: 0.0007469654083251953
Minbatch, batch size: 256, elapsed: 0.0007002353668212891
Minbatch, batch size: 256, elapsed: 0.0008563995361328125
Minbatch, batch size: 256, elapsed: 0.0009150505065917969
Minbatch, batch size: 256, elapsed: 0.0007388591766357422
Minbatch, batch size: 256, elapsed: 0.0007317066192626953
Minbatch, batch size: 256, elapsed: 0.0009512901306152344
Minbatch, batch size: 256, elapsed: 0.0007202625274658203
Minbatch, batch size: 256, elapsed: 0.0008165836334228516
Minbatch, batch size: 256, elapsed: 0.0008754730224609375
Minbatch, batch size: 256, elapsed: 0.0007879734039306641
Minbatch, batch size: 256, elapsed: 0.0010640621185302734
Minbatch, batch size: 256, elapsed: 0.0007169246673583984
Minbatch, batch size: 256, elapsed: 0.0007112026214599609
Minbatch, batch size: 256, elapsed: 0.000705718994140625
[QUANT] semantic index
[semantic] loading embedding from /root/rivermind-data/EAGER/ckpt/embeddings/Beauty/Beauty.ordered.npy
[semantic] embedding shape=(12101, 256) cuda_device=0
[semantic] start Tree construction
start to construct
get into cluster training process
start to cluster
Train iteration done, pcode:0, data size: 65536, elapsed time: 116.71601438522339
start to process mini-batch parallel.....................................
cluster all the nodes, cost 72.33464550971985 s
[semantic] item_to_code -> /root/rivermind-data/EAGER/quant/outputs/Beauty/eager_semantic_k256_item_to_code.npy
[semantic] code_to_item -> /root/rivermind-data/EAGER/quant/outputs/Beauty/eager_semantic_k256_code_to_item.npy
[semantic] tiger index -> /root/rivermind-data/EAGER/quant/outputs/Beauty/eager_semantic_k256.index.json
[semantic] finished tree export
Minbatch, batch size: 256, elapsed: 0.0013294219970703125
Minbatch, batch size: 256, elapsed: 0.0008289813995361328
Minbatch, batch size: 256, elapsed: 0.0007596015930175781
Minbatch, batch size: 256, elapsed: 0.0008230209350585938
Minbatch, batch size: 256, elapsed: 0.0007607936859130859
Minbatch, batch size: 256, elapsed: 0.0009088516235351562
Minbatch, batch size: 256, elapsed: 0.0011210441589355469
Minbatch, batch size: 256, elapsed: 0.0007479190826416016
Minbatch, batch size: 256, elapsed: 0.0007791519165039062
Minbatch, batch size: 256, elapsed: 0.0007538795471191406
Minbatch, batch size: 256, elapsed: 0.0008995532989501953
Minbatch, batch size: 256, elapsed: 0.000812530517578125
Minbatch, batch size: 256, elapsed: 0.0008380413055419922
Minbatch, batch size: 256, elapsed: 0.0007903575897216797
Minbatch, batch size: 256, elapsed: 0.0008199214935302734
Minbatch, batch size: 256, elapsed: 0.0009381771087646484
Minbatch, batch size: 256, elapsed: 0.0009682178497314453
Minbatch, batch size: 256, elapsed: 0.0007884502410888672
Minbatch, batch size: 256, elapsed: 0.0007772445678710938
Minbatch, batch size: 256, elapsed: 0.0008561611175537109
Minbatch, batch size: 256, elapsed: 0.0009219646453857422
Minbatch, batch size: 256, elapsed: 0.0007905960083007812
Minbatch, batch size: 256, elapsed: 0.0007331371307373047
Minbatch, batch size: 256, elapsed: 0.0007581710815429688
Minbatch, batch size: 256, elapsed: 0.0007567405700683594
Minbatch, batch size: 256, elapsed: 0.0008780956268310547
Minbatch, batch size: 256, elapsed: 0.0007977485656738281
Minbatch, batch size: 256, elapsed: 0.0007534027099609375
Minbatch, batch size: 256, elapsed: 0.0008547306060791016
Minbatch, batch size: 256, elapsed: 0.0008351802825927734
Minbatch, batch size: 256, elapsed: 0.0008571147918701172
Minbatch, batch size: 256, elapsed: 0.0007879734039306641
Minbatch, batch size: 256, elapsed: 0.0007622241973876953
Minbatch, batch size: 256, elapsed: 0.0007426738739013672
Minbatch, batch size: 256, elapsed: 0.0007307529449462891
Minbatch, batch size: 256, elapsed: 0.00099945068359375
Minbatch, batch size: 256, elapsed: 0.0009131431579589844
Minbatch, batch size: 256, elapsed: 0.0007467269897460938
Minbatch, batch size: 256, elapsed: 0.0009303092956542969
Minbatch, batch size: 256, elapsed: 0.0008013248443603516
Minbatch, batch size: 256, elapsed: 0.0009107589721679688
Minbatch, batch size: 256, elapsed: 0.0007593631744384766
Minbatch, batch size: 256, elapsed: 0.0007724761962890625
Minbatch, batch size: 256, elapsed: 0.0007872581481933594
Minbatch, batch size: 256, elapsed: 0.000762939453125
Minbatch, batch size: 256, elapsed: 0.0009257793426513672
Minbatch, batch size: 256, elapsed: 0.0007805824279785156
Minbatch, batch size: 256, elapsed: 0.0007474422454833984
Minbatch, batch size: 256, elapsed: 0.000827789306640625
Minbatch, batch size: 256, elapsed: 0.0007967948913574219
Minbatch, batch size: 256, elapsed: 0.0011932849884033203
Minbatch, batch size: 256, elapsed: 0.0008025169372558594
Minbatch, batch size: 256, elapsed: 0.0007767677307128906
Minbatch, batch size: 256, elapsed: 0.000865936279296875
Minbatch, batch size: 256, elapsed: 0.0007476806640625
Minbatch, batch size: 256, elapsed: 0.0009455680847167969
Minbatch, batch size: 256, elapsed: 0.00091552734375
Minbatch, batch size: 256, elapsed: 0.0008022785186767578
Minbatch, batch size: 256, elapsed: 0.0008070468902587891
Minbatch, batch size: 256, elapsed: 0.0008082389831542969
Minbatch, batch size: 256, elapsed: 0.0010986328125
Minbatch, batch size: 256, elapsed: 0.0009586811065673828
Minbatch, batch size: 256, elapsed: 0.0007593631744384766
Minbatch, batch size: 256, elapsed: 0.0009274482727050781
Minbatch, batch size: 256, elapsed: 0.0007674694061279297
Minbatch, batch size: 256, elapsed: 0.0010173320770263672
Minbatch, batch size: 256, elapsed: 0.0008056163787841797
Minbatch, batch size: 256, elapsed: 0.0008194446563720703
Minbatch, batch size: 256, elapsed: 0.000812530517578125
Minbatch, batch size: 256, elapsed: 0.0008120536804199219
Minbatch, batch size: 256, elapsed: 0.000919342041015625
Minbatch, batch size: 256, elapsed: 0.0007832050323486328
Minbatch, batch size: 256, elapsed: 0.0007977485656738281
Minbatch, batch size: 256, elapsed: 0.0007526874542236328
Minbatch, batch size: 256, elapsed: 0.0010862350463867188
Minbatch, batch size: 256, elapsed: 0.0009613037109375
Minbatch, batch size: 256, elapsed: 0.0007774829864501953
Minbatch, batch size: 256, elapsed: 0.0013000965118408203
Minbatch, batch size: 256, elapsed: 0.0008592605590820312
Minbatch, batch size: 256, elapsed: 0.0007970333099365234
Minbatch, batch size: 256, elapsed: 0.0009377002716064453
Minbatch, batch size: 256, elapsed: 0.0010557174682617188
Minbatch, batch size: 256, elapsed: 0.0007541179656982422
Minbatch, batch size: 256, elapsed: 0.0010628700256347656
Minbatch, batch size: 256, elapsed: 0.0008614063262939453
Minbatch, batch size: 256, elapsed: 0.0008921623229980469
Minbatch, batch size: 256, elapsed: 0.0010075569152832031
Minbatch, batch size: 256, elapsed: 0.0007636547088623047
Minbatch, batch size: 256, elapsed: 0.0009455680847167969
Minbatch, batch size: 256, elapsed: 0.0007910728454589844
Minbatch, batch size: 256, elapsed: 0.0009756088256835938
Minbatch, batch size: 256, elapsed: 0.0008759498596191406
Minbatch, batch size: 256, elapsed: 0.0008141994476318359
Minbatch, batch size: 256, elapsed: 0.0007617473602294922
Minbatch, batch size: 256, elapsed: 0.0007464885711669922
Minbatch, batch size: 256, elapsed: 0.0009021759033203125
Minbatch, batch size: 256, elapsed: 0.0007953643798828125
Minbatch, batch size: 256, elapsed: 0.0008080005645751953
Minbatch, batch size: 256, elapsed: 0.0007801055908203125
Minbatch, batch size: 256, elapsed: 0.0007343292236328125
Minbatch, batch size: 256, elapsed: 0.0009713172912597656
Minbatch, batch size: 256, elapsed: 0.0007724761962890625
Minbatch, batch size: 256, elapsed: 0.0007922649383544922
Minbatch, batch size: 256, elapsed: 0.0007493495941162109
Minbatch, batch size: 256, elapsed: 0.0007882118225097656
Minbatch, batch size: 256, elapsed: 0.0008704662322998047
Minbatch, batch size: 256, elapsed: 0.0008218288421630859
Minbatch, batch size: 256, elapsed: 0.0008039474487304688
Minbatch, batch size: 256, elapsed: 0.0008053779602050781
Minbatch, batch size: 256, elapsed: 0.0008592605590820312
Minbatch, batch size: 256, elapsed: 0.0009248256683349609
Minbatch, batch size: 256, elapsed: 0.0007598400115966797
Minbatch, batch size: 256, elapsed: 0.0009515285491943359
Minbatch, batch size: 256, elapsed: 0.0008099079132080078
Minbatch, batch size: 256, elapsed: 0.0007863044738769531
Minbatch, batch size: 256, elapsed: 0.0008671283721923828
Minbatch, batch size: 256, elapsed: 0.0008423328399658203
Minbatch, batch size: 256, elapsed: 0.0008170604705810547
Minbatch, batch size: 256, elapsed: 0.0007405281066894531
Minbatch, batch size: 256, elapsed: 0.0007302761077880859
Minbatch, batch size: 256, elapsed: 0.0009195804595947266
Minbatch, batch size: 256, elapsed: 0.0008504390716552734
Minbatch, batch size: 256, elapsed: 0.0008034706115722656
Minbatch, batch size: 256, elapsed: 0.0007898807525634766
Minbatch, batch size: 256, elapsed: 0.0007956027984619141
Minbatch, batch size: 256, elapsed: 0.0009968280792236328
Minbatch, batch size: 256, elapsed: 0.0007672309875488281
Minbatch, batch size: 256, elapsed: 0.0009210109710693359
Minbatch, batch size: 256, elapsed: 0.00079345703125
Minbatch, batch size: 256, elapsed: 0.00080108642578125
Minbatch, batch size: 256, elapsed: 0.0011036396026611328
Minbatch, batch size: 256, elapsed: 0.0007550716400146484
Minbatch, batch size: 256, elapsed: 0.0007569789886474609
Minbatch, batch size: 256, elapsed: 0.0007836818695068359
Minbatch, batch size: 256, elapsed: 0.0007429122924804688
Minbatch, batch size: 256, elapsed: 0.0008347034454345703
Minbatch, batch size: 256, elapsed: 0.000759124755859375
Minbatch, batch size: 256, elapsed: 0.0008003711700439453
Minbatch, batch size: 256, elapsed: 0.0007386207580566406
Minbatch, batch size: 256, elapsed: 0.0008409023284912109
Minbatch, batch size: 256, elapsed: 0.0009245872497558594
Minbatch, batch size: 256, elapsed: 0.0007948875427246094
Minbatch, batch size: 256, elapsed: 0.0007684230804443359
Minbatch, batch size: 256, elapsed: 0.0008344650268554688
Minbatch, batch size: 256, elapsed: 0.0007584095001220703
Minbatch, batch size: 256, elapsed: 0.0009286403656005859
Minbatch, batch size: 256, elapsed: 0.0007786750793457031
Minbatch, batch size: 256, elapsed: 0.0007617473602294922
Minbatch, batch size: 256, elapsed: 0.0008099079132080078
Minbatch, batch size: 256, elapsed: 0.0007581710815429688
Minbatch, batch size: 256, elapsed: 0.001294851303100586
Minbatch, batch size: 256, elapsed: 0.0008189678192138672
Minbatch, batch size: 256, elapsed: 0.0010175704956054688
Minbatch, batch size: 256, elapsed: 0.0008137226104736328
Minbatch, batch size: 256, elapsed: 0.0008001327514648438
Minbatch, batch size: 256, elapsed: 0.0011570453643798828
Minbatch, batch size: 256, elapsed: 0.0008091926574707031
Minbatch, batch size: 256, elapsed: 0.0008389949798583984
Minbatch, batch size: 256, elapsed: 0.0010824203491210938
Minbatch, batch size: 256, elapsed: 0.0007951259613037109
Minbatch, batch size: 256, elapsed: 0.0009222030639648438
Minbatch, batch size: 256, elapsed: 0.0008139610290527344
Minbatch, batch size: 256, elapsed: 0.0007817745208740234
Minbatch, batch size: 256, elapsed: 0.0007522106170654297
Minbatch, batch size: 256, elapsed: 0.0007846355438232422
Minbatch, batch size: 256, elapsed: 0.0009145736694335938
Minbatch, batch size: 256, elapsed: 0.0008075237274169922
Minbatch, batch size: 256, elapsed: 0.0007696151733398438
Minbatch, batch size: 256, elapsed: 0.0007920265197753906
Minbatch, batch size: 256, elapsed: 0.0008394718170166016
Minbatch, batch size: 256, elapsed: 0.0009558200836181641
Minbatch, batch size: 256, elapsed: 0.0007190704345703125
Minbatch, batch size: 256, elapsed: 0.0007593631744384766
Minbatch, batch size: 256, elapsed: 0.0007364749908447266
Minbatch, batch size: 256, elapsed: 0.000766754150390625
Minbatch, batch size: 256, elapsed: 0.0008897781372070312
Minbatch, batch size: 256, elapsed: 0.0007984638214111328
Minbatch, batch size: 256, elapsed: 0.00081634521484375
Minbatch, batch size: 256, elapsed: 0.0008680820465087891
Minbatch, batch size: 256, elapsed: 0.0008056163787841797
Minbatch, batch size: 256, elapsed: 0.0008966922760009766
Minbatch, batch size: 256, elapsed: 0.0008928775787353516
Minbatch, batch size: 256, elapsed: 0.0007557868957519531
Minbatch, batch size: 256, elapsed: 0.0008819103240966797
Minbatch, batch size: 256, elapsed: 0.0007965564727783203
Minbatch, batch size: 256, elapsed: 0.0009353160858154297
Minbatch, batch size: 256, elapsed: 0.0008194446563720703
Minbatch, batch size: 256, elapsed: 0.0008192062377929688
Minbatch, batch size: 256, elapsed: 0.0008184909820556641
Minbatch, batch size: 256, elapsed: 0.0008533000946044922
Minbatch, batch size: 256, elapsed: 0.0008757114410400391
Minbatch, batch size: 256, elapsed: 0.0009670257568359375
Minbatch, batch size: 256, elapsed: 0.0007574558258056641
Minbatch, batch size: 256, elapsed: 0.0007638931274414062
Minbatch, batch size: 256, elapsed: 0.0008087158203125
Minbatch, batch size: 256, elapsed: 0.0008842945098876953
Minbatch, batch size: 256, elapsed: 0.0007460117340087891
Minbatch, batch size: 256, elapsed: 0.0007264614105224609
Minbatch, batch size: 256, elapsed: 0.0009360313415527344
Minbatch, batch size: 256, elapsed: 0.000762939453125
Minbatch, batch size: 256, elapsed: 0.0007600784301757812
Minbatch, batch size: 256, elapsed: 0.0008590221405029297
Minbatch, batch size: 256, elapsed: 0.0012962818145751953
Minbatch, batch size: 256, elapsed: 0.0007464885711669922
Minbatch, batch size: 256, elapsed: 0.0007495880126953125
Minbatch, batch size: 256, elapsed: 0.0008437633514404297
Minbatch, batch size: 256, elapsed: 0.0007386207580566406
Minbatch, batch size: 256, elapsed: 0.0009264945983886719
Minbatch, batch size: 256, elapsed: 0.0007486343383789062
Minbatch, batch size: 256, elapsed: 0.0007603168487548828
Minbatch, batch size: 256, elapsed: 0.0008902549743652344
Minbatch, batch size: 256, elapsed: 0.0008244514465332031
Minbatch, batch size: 256, elapsed: 0.0009284019470214844
Minbatch, batch size: 256, elapsed: 0.0009799003601074219
Minbatch, batch size: 256, elapsed: 0.00079345703125
Minbatch, batch size: 256, elapsed: 0.0007739067077636719
Minbatch, batch size: 256, elapsed: 0.0008482933044433594
Minbatch, batch size: 256, elapsed: 0.0007908344268798828
Minbatch, batch size: 256, elapsed: 0.0009131431579589844
Minbatch, batch size: 256, elapsed: 0.0007290840148925781
Minbatch, batch size: 256, elapsed: 0.0007569789886474609
Minbatch, batch size: 256, elapsed: 0.0007643699645996094
Minbatch, batch size: 256, elapsed: 0.0007848739624023438
Minbatch, batch size: 256, elapsed: 0.0009255409240722656
Minbatch, batch size: 256, elapsed: 0.0007998943328857422
Minbatch, batch size: 256, elapsed: 0.0007350444793701172
Minbatch, batch size: 256, elapsed: 0.0009448528289794922
Minbatch, batch size: 256, elapsed: 0.0007770061492919922
Minbatch, batch size: 256, elapsed: 0.0007474422454833984
Minbatch, batch size: 256, elapsed: 0.0008587837219238281
Minbatch, batch size: 256, elapsed: 0.0009407997131347656
Minbatch, batch size: 256, elapsed: 0.0007786750793457031
Minbatch, batch size: 256, elapsed: 0.0007369518280029297
Minbatch, batch size: 256, elapsed: 0.0008072853088378906
Minbatch, batch size: 256, elapsed: 0.0009326934814453125
Minbatch, batch size: 256, elapsed: 0.0008680820465087891
Minbatch, batch size: 256, elapsed: 0.0007941722869873047
Minbatch, batch size: 256, elapsed: 0.0007684230804443359
Minbatch, batch size: 256, elapsed: 0.0008006095886230469
Minbatch, batch size: 256, elapsed: 0.000804901123046875
Minbatch, batch size: 256, elapsed: 0.0008754730224609375
Minbatch, batch size: 256, elapsed: 0.0009708404541015625
Minbatch, batch size: 256, elapsed: 0.0007379055023193359
Minbatch, batch size: 256, elapsed: 0.0007419586181640625
Minbatch, batch size: 256, elapsed: 0.0008344650268554688
Minbatch, batch size: 256, elapsed: 0.0007538795471191406
Minbatch, batch size: 256, elapsed: 0.0008912086486816406
Minbatch, batch size: 256, elapsed: 0.0008325576782226562
Minbatch, batch size: 256, elapsed: 0.0008902549743652344
Minbatch, batch size: 256, elapsed: 0.0009489059448242188
Minbatch, batch size: 256, elapsed: 0.0007691383361816406
Minbatch, batch size: 256, elapsed: 0.0008575916290283203
Minbatch, batch size: 256, elapsed: 0.0007612705230712891
Minbatch, batch size: 256, elapsed: 0.0007569789886474609
Minbatch, batch size: 256, elapsed: 0.0007224082946777344
Minbatch, batch size: 256, elapsed: 0.0007524490356445312
[DONE] prepared Beauty with item_id_base=0
