[COPY] Sports_and_Outdoors.inter.json
[QUANT] collaborative index
[collaborative] loading embedding from /root/rivermind-data/diffandletter/DIFF/2eager/ckpt/Sports_and_Outdoors/cf_emb.pt
/root/rivermind-data/EAGER/quant/build_eager_codes.py:35: FutureWarning: You are using `torch.load` with `weights_only=False` (the current default value), which uses the default pickle module implicitly. It is possible to construct malicious pickle data which will execute arbitrary code during unpickling (See https://github.com/pytorch/pytorch/blob/main/SECURITY.md#untrusted-models for more details). In a future release, the default value for `weights_only` will be flipped to `True`. This limits the functions that could be executed during unpickling. Arbitrary objects will no longer be allowed to be loaded via this mode unless they are explicitly allowlisted by the user via `torch.serialization.add_safe_globals`. We recommend you start setting `weights_only=True` for any use case where you don't have full control of the loaded file. Please open an issue on GitHub for any issues related to this experimental feature.
  data = torch.load(path, map_location="cpu")
[collaborative] embedding shape=(18357, 64) cuda_device=1
[collaborative] start Tree construction
start to construct
get into cluster training process
start to cluster
Train iteration done, pcode:0, data size: 65536, elapsed time: 113.99933290481567
start to process mini-batch parallel.....................................
cluster all the nodes, cost 31.398290157318115 s
[collaborative] item_to_code -> /root/rivermind-data/EAGER/quant/outputs/Sports_and_Outdoors/eager_collaborative_k256_item_to_code.npy
[collaborative] code_to_item -> /root/rivermind-data/EAGER/quant/outputs/Sports_and_Outdoors/eager_collaborative_k256_code_to_item.npy
[collaborative] tiger index -> /root/rivermind-data/EAGER/quant/outputs/Sports_and_Outdoors/eager_collaborative_k256.index.json
[collaborative] finished tree export
Minbatch, batch size: 256, elapsed: 0.0010542869567871094
Minbatch, batch size: 256, elapsed: 0.0007395744323730469
Minbatch, batch size: 256, elapsed: 0.0007383823394775391
Minbatch, batch size: 256, elapsed: 0.0007035732269287109
Minbatch, batch size: 256, elapsed: 0.0009217262268066406
Minbatch, batch size: 256, elapsed: 0.02891087532043457
Minbatch, batch size: 256, elapsed: 0.0008480548858642578
Minbatch, batch size: 256, elapsed: 0.0007543563842773438
Minbatch, batch size: 256, elapsed: 0.0008704662322998047
Minbatch, batch size: 256, elapsed: 0.0014388561248779297
Minbatch, batch size: 256, elapsed: 0.0012912750244140625
Minbatch, batch size: 256, elapsed: 0.0007331371307373047
Minbatch, batch size: 256, elapsed: 0.0007257461547851562
Minbatch, batch size: 256, elapsed: 0.0007343292236328125
Minbatch, batch size: 256, elapsed: 0.0009183883666992188
Minbatch, batch size: 256, elapsed: 0.0007383823394775391
Minbatch, batch size: 256, elapsed: 0.0025250911712646484
Minbatch, batch size: 256, elapsed: 0.0007433891296386719
Minbatch, batch size: 256, elapsed: 0.0010654926300048828
Minbatch, batch size: 256, elapsed: 0.000751495361328125
Minbatch, batch size: 256, elapsed: 0.0007991790771484375
Minbatch, batch size: 256, elapsed: 0.0007946491241455078
Minbatch, batch size: 256, elapsed: 0.0008585453033447266
Minbatch, batch size: 256, elapsed: 0.0009245872497558594
Minbatch, batch size: 256, elapsed: 0.0007078647613525391
Minbatch, batch size: 256, elapsed: 0.0006854534149169922
Minbatch, batch size: 256, elapsed: 0.0007021427154541016
Minbatch, batch size: 256, elapsed: 0.0008187294006347656
Minbatch, batch size: 256, elapsed: 0.0007066726684570312
Minbatch, batch size: 256, elapsed: 0.0006897449493408203
Minbatch, batch size: 256, elapsed: 0.0007023811340332031
Minbatch, batch size: 256, elapsed: 0.0008895397186279297
Minbatch, batch size: 256, elapsed: 0.0007963180541992188
Minbatch, batch size: 256, elapsed: 0.000743865966796875
Minbatch, batch size: 256, elapsed: 0.0007348060607910156
Minbatch, batch size: 256, elapsed: 0.0007448196411132812
Minbatch, batch size: 256, elapsed: 0.0009369850158691406
Minbatch, batch size: 256, elapsed: 0.0008780956268310547
Minbatch, batch size: 256, elapsed: 0.0007486343383789062
Minbatch, batch size: 256, elapsed: 0.0007288455963134766
Minbatch, batch size: 256, elapsed: 0.0008828639984130859
Minbatch, batch size: 256, elapsed: 0.0010421276092529297
Minbatch, batch size: 256, elapsed: 0.0007238388061523438
Minbatch, batch size: 256, elapsed: 0.0008106231689453125
Minbatch, batch size: 256, elapsed: 0.0007505416870117188
Minbatch, batch size: 256, elapsed: 0.001125335693359375
Minbatch, batch size: 256, elapsed: 0.0007405281066894531
Minbatch, batch size: 256, elapsed: 0.00092315673828125
Minbatch, batch size: 256, elapsed: 0.00072479248046875
Minbatch, batch size: 256, elapsed: 0.0009791851043701172
Minbatch, batch size: 256, elapsed: 0.0007643699645996094
Minbatch, batch size: 256, elapsed: 0.0007090568542480469
Minbatch, batch size: 256, elapsed: 0.0007121562957763672
Minbatch, batch size: 256, elapsed: 0.0007085800170898438
Minbatch, batch size: 256, elapsed: 0.0008916854858398438
Minbatch, batch size: 256, elapsed: 0.0008823871612548828
Minbatch, batch size: 256, elapsed: 0.0007338523864746094
Minbatch, batch size: 256, elapsed: 0.0007843971252441406
Minbatch, batch size: 256, elapsed: 0.0009160041809082031
Minbatch, batch size: 256, elapsed: 0.0007660388946533203
Minbatch, batch size: 256, elapsed: 0.0007257461547851562
Minbatch, batch size: 256, elapsed: 0.000904083251953125
Minbatch, batch size: 256, elapsed: 0.0007371902465820312
Minbatch, batch size: 256, elapsed: 0.0013420581817626953
Minbatch, batch size: 256, elapsed: 0.0007498264312744141
Minbatch, batch size: 256, elapsed: 0.0007550716400146484
Minbatch, batch size: 256, elapsed: 0.0007355213165283203
Minbatch, batch size: 256, elapsed: 0.0009570121765136719
Minbatch, batch size: 256, elapsed: 0.0009005069732666016
Minbatch, batch size: 256, elapsed: 0.0007700920104980469
Minbatch, batch size: 256, elapsed: 0.0007522106170654297
Minbatch, batch size: 256, elapsed: 0.0007164478302001953
Minbatch, batch size: 256, elapsed: 0.0007305145263671875
Minbatch, batch size: 256, elapsed: 0.0012445449829101562
Minbatch, batch size: 256, elapsed: 0.0007655620574951172
Minbatch, batch size: 256, elapsed: 0.0007345676422119141
Minbatch, batch size: 256, elapsed: 0.000736236572265625
Minbatch, batch size: 256, elapsed: 0.0007297992706298828
Minbatch, batch size: 256, elapsed: 0.0009431838989257812
Minbatch, batch size: 256, elapsed: 0.0007746219635009766
Minbatch, batch size: 256, elapsed: 0.0007472038269042969
Minbatch, batch size: 256, elapsed: 0.0009152889251708984
Minbatch, batch size: 256, elapsed: 0.000774383544921875
Minbatch, batch size: 256, elapsed: 0.0009102821350097656
Minbatch, batch size: 256, elapsed: 0.0007712841033935547
Minbatch, batch size: 256, elapsed: 0.0007305145263671875
Minbatch, batch size: 256, elapsed: 0.0009827613830566406
Minbatch, batch size: 256, elapsed: 0.0007421970367431641
Minbatch, batch size: 256, elapsed: 0.0008740425109863281
Minbatch, batch size: 256, elapsed: 0.0010068416595458984
Minbatch, batch size: 256, elapsed: 0.0008988380432128906
Minbatch, batch size: 256, elapsed: 0.0007181167602539062
Minbatch, batch size: 256, elapsed: 0.0007307529449462891
Minbatch, batch size: 256, elapsed: 0.0008959770202636719
Minbatch, batch size: 256, elapsed: 0.0007865428924560547
Minbatch, batch size: 256, elapsed: 0.0007221698760986328
Minbatch, batch size: 256, elapsed: 0.0007188320159912109
Minbatch, batch size: 256, elapsed: 0.0007202625274658203
Minbatch, batch size: 256, elapsed: 0.0009295940399169922
Minbatch, batch size: 256, elapsed: 0.0008172988891601562
Minbatch, batch size: 256, elapsed: 0.0007550716400146484
Minbatch, batch size: 256, elapsed: 0.0007176399230957031
Minbatch, batch size: 256, elapsed: 0.0007479190826416016
Minbatch, batch size: 256, elapsed: 0.0008826255798339844
Minbatch, batch size: 256, elapsed: 0.0011909008026123047
Minbatch, batch size: 256, elapsed: 0.00075531005859375
Minbatch, batch size: 256, elapsed: 0.0010535717010498047
Minbatch, batch size: 256, elapsed: 0.0011129379272460938
Minbatch, batch size: 256, elapsed: 0.0007524490356445312
Minbatch, batch size: 256, elapsed: 0.0008726119995117188
Minbatch, batch size: 256, elapsed: 0.0010437965393066406
Minbatch, batch size: 256, elapsed: 0.0008978843688964844
Minbatch, batch size: 256, elapsed: 0.0007147789001464844
Minbatch, batch size: 256, elapsed: 0.0006985664367675781
Minbatch, batch size: 256, elapsed: 0.0009388923645019531
Minbatch, batch size: 256, elapsed: 0.000957489013671875
Minbatch, batch size: 256, elapsed: 0.0007252693176269531
Minbatch, batch size: 256, elapsed: 0.0007486343383789062
Minbatch, batch size: 256, elapsed: 0.0009245872497558594
Minbatch, batch size: 256, elapsed: 0.0012090206146240234
Minbatch, batch size: 256, elapsed: 0.0010442733764648438
Minbatch, batch size: 256, elapsed: 0.0007407665252685547
Minbatch, batch size: 256, elapsed: 0.0009527206420898438
Minbatch, batch size: 256, elapsed: 0.0007264614105224609
Minbatch, batch size: 256, elapsed: 0.0007207393646240234
Minbatch, batch size: 256, elapsed: 0.0009012222290039062
Minbatch, batch size: 256, elapsed: 0.000988006591796875
Minbatch, batch size: 256, elapsed: 0.0010998249053955078
Minbatch, batch size: 256, elapsed: 0.0007266998291015625
Minbatch, batch size: 256, elapsed: 0.0007104873657226562
Minbatch, batch size: 256, elapsed: 0.0010061264038085938
Minbatch, batch size: 256, elapsed: 0.0007715225219726562
Minbatch, batch size: 256, elapsed: 0.0007119178771972656
Minbatch, batch size: 256, elapsed: 0.0007588863372802734
Minbatch, batch size: 256, elapsed: 0.0007650852203369141
Minbatch, batch size: 256, elapsed: 0.0009431838989257812
Minbatch, batch size: 256, elapsed: 0.0007874965667724609
Minbatch, batch size: 256, elapsed: 0.0007383823394775391
Minbatch, batch size: 256, elapsed: 0.0007390975952148438
Minbatch, batch size: 256, elapsed: 0.0007395744323730469
Minbatch, batch size: 256, elapsed: 0.0011069774627685547
Minbatch, batch size: 256, elapsed: 0.0007357597351074219
Minbatch, batch size: 256, elapsed: 0.0007441043853759766
Minbatch, batch size: 256, elapsed: 0.0008487701416015625
Minbatch, batch size: 256, elapsed: 0.0007374286651611328
Minbatch, batch size: 256, elapsed: 0.0009326934814453125
Minbatch, batch size: 256, elapsed: 0.0007817745208740234
Minbatch, batch size: 256, elapsed: 0.0010838508605957031
Minbatch, batch size: 256, elapsed: 0.0007395744323730469
Minbatch, batch size: 256, elapsed: 0.0008184909820556641
Minbatch, batch size: 256, elapsed: 0.0010111331939697266
Minbatch, batch size: 256, elapsed: 0.0010533332824707031
Minbatch, batch size: 256, elapsed: 0.0007433891296386719
Minbatch, batch size: 256, elapsed: 0.0007185935974121094
Minbatch, batch size: 256, elapsed: 0.0008032321929931641
Minbatch, batch size: 256, elapsed: 0.0007436275482177734
Minbatch, batch size: 256, elapsed: 0.0008566379547119141
Minbatch, batch size: 256, elapsed: 0.0010869503021240234
Minbatch, batch size: 256, elapsed: 0.0007119178771972656
Minbatch, batch size: 256, elapsed: 0.0007007122039794922
Minbatch, batch size: 256, elapsed: 0.0008759498596191406
Minbatch, batch size: 256, elapsed: 0.0008933544158935547
Minbatch, batch size: 256, elapsed: 0.0009081363677978516
Minbatch, batch size: 256, elapsed: 0.0007414817810058594
Minbatch, batch size: 256, elapsed: 0.001359701156616211
Minbatch, batch size: 256, elapsed: 0.0007083415985107422
Minbatch, batch size: 256, elapsed: 0.0008490085601806641
Minbatch, batch size: 256, elapsed: 0.00090789794921875
Minbatch, batch size: 256, elapsed: 0.0009222030639648438
Minbatch, batch size: 256, elapsed: 0.0012042522430419922
Minbatch, batch size: 256, elapsed: 0.0007405281066894531
Minbatch, batch size: 256, elapsed: 0.0008985996246337891
Minbatch, batch size: 256, elapsed: 0.0007421970367431641
Minbatch, batch size: 256, elapsed: 0.0008268356323242188
Minbatch, batch size: 256, elapsed: 0.0007276535034179688
Minbatch, batch size: 256, elapsed: 0.0009200572967529297
Minbatch, batch size: 256, elapsed: 0.0007460117340087891
Minbatch, batch size: 256, elapsed: 0.0007417201995849609
Minbatch, batch size: 256, elapsed: 0.0010378360748291016
Minbatch, batch size: 256, elapsed: 0.001451730728149414
Minbatch, batch size: 256, elapsed: 0.0011703968048095703
Minbatch, batch size: 256, elapsed: 0.0007708072662353516
Minbatch, batch size: 256, elapsed: 0.0007662773132324219
Minbatch, batch size: 256, elapsed: 0.001210927963256836
Minbatch, batch size: 256, elapsed: 0.0008225440979003906
Minbatch, batch size: 256, elapsed: 0.0012950897216796875
Minbatch, batch size: 256, elapsed: 0.0009377002716064453
Minbatch, batch size: 256, elapsed: 0.0008592605590820312
Minbatch, batch size: 256, elapsed: 0.0007348060607910156
Minbatch, batch size: 256, elapsed: 0.0007393360137939453
Minbatch, batch size: 256, elapsed: 0.000957489013671875
Minbatch, batch size: 256, elapsed: 0.0013396739959716797
Minbatch, batch size: 256, elapsed: 0.0007660388946533203
Minbatch, batch size: 256, elapsed: 0.0007383823394775391
Minbatch, batch size: 256, elapsed: 0.0007207393646240234
Minbatch, batch size: 256, elapsed: 0.0007193088531494141
Minbatch, batch size: 256, elapsed: 0.0009508132934570312
Minbatch, batch size: 256, elapsed: 0.0009913444519042969
Minbatch, batch size: 256, elapsed: 0.0007157325744628906
Minbatch, batch size: 256, elapsed: 0.0007402896881103516
Minbatch, batch size: 256, elapsed: 0.0007612705230712891
Minbatch, batch size: 256, elapsed: 0.0010235309600830078
Minbatch, batch size: 256, elapsed: 0.0008623600006103516
Minbatch, batch size: 256, elapsed: 0.0007550716400146484
Minbatch, batch size: 256, elapsed: 0.0007569789886474609
Minbatch, batch size: 256, elapsed: 0.0009059906005859375
Minbatch, batch size: 256, elapsed: 0.0009980201721191406
Minbatch, batch size: 256, elapsed: 0.0007991790771484375
Minbatch, batch size: 256, elapsed: 0.0009636878967285156
Minbatch, batch size: 256, elapsed: 0.0007328987121582031
Minbatch, batch size: 256, elapsed: 0.0007462501525878906
Minbatch, batch size: 256, elapsed: 0.0009207725524902344
Minbatch, batch size: 256, elapsed: 0.0008149147033691406
Minbatch, batch size: 256, elapsed: 0.0007486343383789062
Minbatch, batch size: 256, elapsed: 0.0007903575897216797
Minbatch, batch size: 256, elapsed: 0.0007410049438476562
Minbatch, batch size: 256, elapsed: 0.0009171962738037109
Minbatch, batch size: 256, elapsed: 0.0009856224060058594
Minbatch, batch size: 256, elapsed: 0.0007257461547851562
Minbatch, batch size: 256, elapsed: 0.0007288455963134766
Minbatch, batch size: 256, elapsed: 0.0007371902465820312
Minbatch, batch size: 256, elapsed: 0.000762939453125
Minbatch, batch size: 256, elapsed: 0.0009419918060302734
Minbatch, batch size: 256, elapsed: 0.0007045269012451172
Minbatch, batch size: 256, elapsed: 0.0007810592651367188
Minbatch, batch size: 256, elapsed: 0.0007042884826660156
Minbatch, batch size: 256, elapsed: 0.0007069110870361328
Minbatch, batch size: 256, elapsed: 0.0010023117065429688
Minbatch, batch size: 256, elapsed: 0.001081705093383789
Minbatch, batch size: 256, elapsed: 0.0007109642028808594
Minbatch, batch size: 256, elapsed: 0.0009107589721679688
Minbatch, batch size: 256, elapsed: 0.0006966590881347656
Minbatch, batch size: 256, elapsed: 0.0008435249328613281
Minbatch, batch size: 256, elapsed: 0.0009074211120605469
Minbatch, batch size: 256, elapsed: 0.0007469654083251953
Minbatch, batch size: 256, elapsed: 0.0007069110870361328
Minbatch, batch size: 256, elapsed: 0.0007004737854003906
Minbatch, batch size: 256, elapsed: 0.0006864070892333984
Minbatch, batch size: 256, elapsed: 0.0009441375732421875
Minbatch, batch size: 256, elapsed: 0.0012407302856445312
Minbatch, batch size: 256, elapsed: 0.0007240772247314453
Minbatch, batch size: 256, elapsed: 0.0007102489471435547
Minbatch, batch size: 256, elapsed: 0.0007889270782470703
Minbatch, batch size: 256, elapsed: 0.0009291172027587891
Minbatch, batch size: 256, elapsed: 0.0013551712036132812
Minbatch, batch size: 256, elapsed: 0.0010836124420166016
Minbatch, batch size: 256, elapsed: 0.0008149147033691406
Minbatch, batch size: 256, elapsed: 0.0007226467132568359
Minbatch, batch size: 256, elapsed: 0.0007297992706298828
Minbatch, batch size: 256, elapsed: 0.0009293556213378906
Minbatch, batch size: 256, elapsed: 0.0011372566223144531
Minbatch, batch size: 256, elapsed: 0.0007326602935791016
Minbatch, batch size: 256, elapsed: 0.0007073879241943359
Minbatch, batch size: 256, elapsed: 0.0007722377777099609
Minbatch, batch size: 256, elapsed: 0.0006878376007080078
Minbatch, batch size: 256, elapsed: 0.0007035732269287109
[QUANT] semantic index
[semantic] loading embedding from /root/rivermind-data/EAGER/ckpt/embeddings/Sports_and_Outdoors/Sports_and_Outdoors.ordered.npy
[semantic] embedding shape=(18357, 256) cuda_device=1
[semantic] start Tree construction
start to construct
get into cluster training process
start to cluster
Train iteration done, pcode:0, data size: 65536, elapsed time: 108.24790048599243
start to process mini-batch parallel.....................................
cluster all the nodes, cost 79.22859358787537 s
[semantic] item_to_code -> /root/rivermind-data/EAGER/quant/outputs/Sports_and_Outdoors/eager_semantic_k256_item_to_code.npy
[semantic] code_to_item -> /root/rivermind-data/EAGER/quant/outputs/Sports_and_Outdoors/eager_semantic_k256_code_to_item.npy
[semantic] tiger index -> /root/rivermind-data/EAGER/quant/outputs/Sports_and_Outdoors/eager_semantic_k256.index.json
[semantic] finished tree export
Minbatch, batch size: 256, elapsed: 0.0008552074432373047
Minbatch, batch size: 256, elapsed: 0.0009534358978271484
Minbatch, batch size: 256, elapsed: 0.0008261203765869141
Minbatch, batch size: 256, elapsed: 0.0007519721984863281
Minbatch, batch size: 256, elapsed: 0.0007960796356201172
Minbatch, batch size: 256, elapsed: 0.0008838176727294922
Minbatch, batch size: 256, elapsed: 0.0011229515075683594
Minbatch, batch size: 256, elapsed: 0.0007650852203369141
Minbatch, batch size: 256, elapsed: 0.0007631778717041016
Minbatch, batch size: 256, elapsed: 0.0007617473602294922
Minbatch, batch size: 256, elapsed: 0.001077890396118164
Minbatch, batch size: 256, elapsed: 0.0009148120880126953
Minbatch, batch size: 256, elapsed: 0.0007750988006591797
Minbatch, batch size: 256, elapsed: 0.0007429122924804688
Minbatch, batch size: 256, elapsed: 0.0007669925689697266
Minbatch, batch size: 256, elapsed: 0.00093841552734375
Minbatch, batch size: 256, elapsed: 0.0008246898651123047
Minbatch, batch size: 256, elapsed: 0.0008130073547363281
Minbatch, batch size: 256, elapsed: 0.0008130073547363281
Minbatch, batch size: 256, elapsed: 0.001001119613647461
Minbatch, batch size: 256, elapsed: 0.0008914470672607422
Minbatch, batch size: 256, elapsed: 0.0009942054748535156
Minbatch, batch size: 256, elapsed: 0.0007796287536621094
Minbatch, batch size: 256, elapsed: 0.0007634162902832031
Minbatch, batch size: 256, elapsed: 0.0007801055908203125
Minbatch, batch size: 256, elapsed: 0.0009119510650634766
Minbatch, batch size: 256, elapsed: 0.0007944107055664062
Minbatch, batch size: 256, elapsed: 0.0008051395416259766
Minbatch, batch size: 256, elapsed: 0.0008029937744140625
Minbatch, batch size: 256, elapsed: 0.0007534027099609375
Minbatch, batch size: 256, elapsed: 0.0009419918060302734
Minbatch, batch size: 256, elapsed: 0.0010230541229248047
Minbatch, batch size: 256, elapsed: 0.0007460117340087891
Minbatch, batch size: 256, elapsed: 0.000743865966796875
Minbatch, batch size: 256, elapsed: 0.0007688999176025391
Minbatch, batch size: 256, elapsed: 0.0008955001831054688
Minbatch, batch size: 256, elapsed: 0.0008041858673095703
Minbatch, batch size: 256, elapsed: 0.0009732246398925781
Minbatch, batch size: 256, elapsed: 0.0007662773132324219
Minbatch, batch size: 256, elapsed: 0.0009222030639648438
Minbatch, batch size: 256, elapsed: 0.0009889602661132812
Minbatch, batch size: 256, elapsed: 0.0009114742279052734
Minbatch, batch size: 256, elapsed: 0.0007719993591308594
Minbatch, batch size: 256, elapsed: 0.0007693767547607422
Minbatch, batch size: 256, elapsed: 0.0008172988891601562
Minbatch, batch size: 256, elapsed: 0.0009105205535888672
Minbatch, batch size: 256, elapsed: 0.0009658336639404297
Minbatch, batch size: 256, elapsed: 0.0007653236389160156
Minbatch, batch size: 256, elapsed: 0.0007798671722412109
Minbatch, batch size: 256, elapsed: 0.0010492801666259766
Minbatch, batch size: 256, elapsed: 0.0009338855743408203
Minbatch, batch size: 256, elapsed: 0.0010106563568115234
Minbatch, batch size: 256, elapsed: 0.0007827281951904297
Minbatch, batch size: 256, elapsed: 0.0007631778717041016
Minbatch, batch size: 256, elapsed: 0.0009660720825195312
Minbatch, batch size: 256, elapsed: 0.0008628368377685547
Minbatch, batch size: 256, elapsed: 0.0009286403656005859
Minbatch, batch size: 256, elapsed: 0.0007839202880859375
Minbatch, batch size: 256, elapsed: 0.0007231235504150391
Minbatch, batch size: 256, elapsed: 0.0009248256683349609
Minbatch, batch size: 256, elapsed: 0.0010018348693847656
Minbatch, batch size: 256, elapsed: 0.0007753372192382812
Minbatch, batch size: 256, elapsed: 0.0009775161743164062
Minbatch, batch size: 256, elapsed: 0.0009021759033203125
Minbatch, batch size: 256, elapsed: 0.0007448196411132812
Minbatch, batch size: 256, elapsed: 0.00092315673828125
Minbatch, batch size: 256, elapsed: 0.0007791519165039062
Minbatch, batch size: 256, elapsed: 0.00080108642578125
Minbatch, batch size: 256, elapsed: 0.0007836818695068359
Minbatch, batch size: 256, elapsed: 0.0009133815765380859
Minbatch, batch size: 256, elapsed: 0.0009019374847412109
Minbatch, batch size: 256, elapsed: 0.0007519721984863281
Minbatch, batch size: 256, elapsed: 0.0007636547088623047
Minbatch, batch size: 256, elapsed: 0.0007779598236083984
Minbatch, batch size: 256, elapsed: 0.0007605552673339844
Minbatch, batch size: 256, elapsed: 0.0009415149688720703
Minbatch, batch size: 256, elapsed: 0.0007827281951904297
Minbatch, batch size: 256, elapsed: 0.0009632110595703125
Minbatch, batch size: 256, elapsed: 0.0007939338684082031
Minbatch, batch size: 256, elapsed: 0.0008273124694824219
Minbatch, batch size: 256, elapsed: 0.0010318756103515625
Minbatch, batch size: 256, elapsed: 0.0008304119110107422
Minbatch, batch size: 256, elapsed: 0.0007634162902832031
Minbatch, batch size: 256, elapsed: 0.0007927417755126953
Minbatch, batch size: 256, elapsed: 0.0007328987121582031
Minbatch, batch size: 256, elapsed: 0.0009582042694091797
Minbatch, batch size: 256, elapsed: 0.0007407665252685547
Minbatch, batch size: 256, elapsed: 0.0007860660552978516
Minbatch, batch size: 256, elapsed: 0.0007762908935546875
Minbatch, batch size: 256, elapsed: 0.0007460117340087891
Minbatch, batch size: 256, elapsed: 0.0011017322540283203
Minbatch, batch size: 256, elapsed: 0.0008072853088378906
Minbatch, batch size: 256, elapsed: 0.0007619857788085938
Minbatch, batch size: 256, elapsed: 0.000766754150390625
Minbatch, batch size: 256, elapsed: 0.0007624626159667969
Minbatch, batch size: 256, elapsed: 0.0009245872497558594
Minbatch, batch size: 256, elapsed: 0.0012505054473876953
Minbatch, batch size: 256, elapsed: 0.0007796287536621094
Minbatch, batch size: 256, elapsed: 0.0007777214050292969
Minbatch, batch size: 256, elapsed: 0.0008175373077392578
Minbatch, batch size: 256, elapsed: 0.0009038448333740234
Minbatch, batch size: 256, elapsed: 0.0008251667022705078
Minbatch, batch size: 256, elapsed: 0.0007886886596679688
Minbatch, batch size: 256, elapsed: 0.0008029937744140625
Minbatch, batch size: 256, elapsed: 0.0008037090301513672
Minbatch, batch size: 256, elapsed: 0.0010030269622802734
Minbatch, batch size: 256, elapsed: 0.0008566379547119141
Minbatch, batch size: 256, elapsed: 0.0007970333099365234
Minbatch, batch size: 256, elapsed: 0.0008013248443603516
Minbatch, batch size: 256, elapsed: 0.0007617473602294922
Minbatch, batch size: 256, elapsed: 0.0008904933929443359
Minbatch, batch size: 256, elapsed: 0.0009505748748779297
Minbatch, batch size: 256, elapsed: 0.0007798671722412109
Minbatch, batch size: 256, elapsed: 0.0008029937744140625
Minbatch, batch size: 256, elapsed: 0.0008139610290527344
Minbatch, batch size: 256, elapsed: 0.0009186267852783203
Minbatch, batch size: 256, elapsed: 0.0008432865142822266
Minbatch, batch size: 256, elapsed: 0.0008177757263183594
Minbatch, batch size: 256, elapsed: 0.0007586479187011719
Minbatch, batch size: 256, elapsed: 0.0007927417755126953
Minbatch, batch size: 256, elapsed: 0.001079559326171875
Minbatch, batch size: 256, elapsed: 0.0007779598236083984
Minbatch, batch size: 256, elapsed: 0.0008597373962402344
Minbatch, batch size: 256, elapsed: 0.0007505416870117188
Minbatch, batch size: 256, elapsed: 0.0009126663208007812
Minbatch, batch size: 256, elapsed: 0.0009062290191650391
Minbatch, batch size: 256, elapsed: 0.0007865428924560547
Minbatch, batch size: 256, elapsed: 0.0008132457733154297
Minbatch, batch size: 256, elapsed: 0.0009114742279052734
Minbatch, batch size: 256, elapsed: 0.0007526874542236328
Minbatch, batch size: 256, elapsed: 0.0009267330169677734
Minbatch, batch size: 256, elapsed: 0.0008094310760498047
Minbatch, batch size: 256, elapsed: 0.0007741451263427734
Minbatch, batch size: 256, elapsed: 0.0008480548858642578
Minbatch, batch size: 256, elapsed: 0.0007727146148681641
Minbatch, batch size: 256, elapsed: 0.0009133815765380859
Minbatch, batch size: 256, elapsed: 0.0009367465972900391
Minbatch, batch size: 256, elapsed: 0.0007688999176025391
Minbatch, batch size: 256, elapsed: 0.0007684230804443359
Minbatch, batch size: 256, elapsed: 0.0007686614990234375
Minbatch, batch size: 256, elapsed: 0.0008804798126220703
Minbatch, batch size: 256, elapsed: 0.0009555816650390625
Minbatch, batch size: 256, elapsed: 0.0008256435394287109
Minbatch, batch size: 256, elapsed: 0.0007734298706054688
Minbatch, batch size: 256, elapsed: 0.0007970333099365234
Minbatch, batch size: 256, elapsed: 0.000896453857421875
Minbatch, batch size: 256, elapsed: 0.0009436607360839844
Minbatch, batch size: 256, elapsed: 0.0007522106170654297
Minbatch, batch size: 256, elapsed: 0.0010151863098144531
Minbatch, batch size: 256, elapsed: 0.0007886886596679688
Minbatch, batch size: 256, elapsed: 0.0014095306396484375
Minbatch, batch size: 256, elapsed: 0.0008044242858886719
Minbatch, batch size: 256, elapsed: 0.0007979869842529297
Minbatch, batch size: 256, elapsed: 0.0007290840148925781
Minbatch, batch size: 256, elapsed: 0.0008237361907958984
Minbatch, batch size: 256, elapsed: 0.0010919570922851562
Minbatch, batch size: 256, elapsed: 0.0007600784301757812
Minbatch, batch size: 256, elapsed: 0.0008144378662109375
Minbatch, batch size: 256, elapsed: 0.0008077621459960938
Minbatch, batch size: 256, elapsed: 0.0008838176727294922
Minbatch, batch size: 256, elapsed: 0.0010225772857666016
Minbatch, batch size: 256, elapsed: 0.0007534027099609375
Minbatch, batch size: 256, elapsed: 0.0007433891296386719
Minbatch, batch size: 256, elapsed: 0.0008184909820556641
Minbatch, batch size: 256, elapsed: 0.0022127628326416016
Minbatch, batch size: 256, elapsed: 0.001092672348022461
Minbatch, batch size: 256, elapsed: 0.000990152359008789
Minbatch, batch size: 256, elapsed: 0.0007536411285400391
Minbatch, batch size: 256, elapsed: 0.0007674694061279297
Minbatch, batch size: 256, elapsed: 0.0007596015930175781
Minbatch, batch size: 256, elapsed: 0.0013346672058105469
Minbatch, batch size: 256, elapsed: 0.0010325908660888672
Minbatch, batch size: 256, elapsed: 0.0007772445678710938
Minbatch, batch size: 256, elapsed: 0.0007989406585693359
Minbatch, batch size: 256, elapsed: 0.0007562637329101562
Minbatch, batch size: 256, elapsed: 0.0011129379272460938
Minbatch, batch size: 256, elapsed: 0.0007936954498291016
Minbatch, batch size: 256, elapsed: 0.0007836818695068359
Minbatch, batch size: 256, elapsed: 0.0007600784301757812
Minbatch, batch size: 256, elapsed: 0.0007643699645996094
Minbatch, batch size: 256, elapsed: 0.0007653236389160156
Minbatch, batch size: 256, elapsed: 0.0008747577667236328
Minbatch, batch size: 256, elapsed: 0.0007343292236328125
Minbatch, batch size: 256, elapsed: 0.0007956027984619141
Minbatch, batch size: 256, elapsed: 0.0010523796081542969
Minbatch, batch size: 256, elapsed: 0.0008089542388916016
Minbatch, batch size: 256, elapsed: 0.0010309219360351562
Minbatch, batch size: 256, elapsed: 0.0007777214050292969
Minbatch, batch size: 256, elapsed: 0.0007979869842529297
Minbatch, batch size: 256, elapsed: 0.0008132457733154297
Minbatch, batch size: 256, elapsed: 0.0007913112640380859
Minbatch, batch size: 256, elapsed: 0.0007836818695068359
Minbatch, batch size: 256, elapsed: 0.0008985996246337891
Minbatch, batch size: 256, elapsed: 0.0009329319000244141
Minbatch, batch size: 256, elapsed: 0.0008461475372314453
Minbatch, batch size: 256, elapsed: 0.0007543563842773438
Minbatch, batch size: 256, elapsed: 0.0007927417755126953
Minbatch, batch size: 256, elapsed: 0.0009119510650634766
Minbatch, batch size: 256, elapsed: 0.0007886886596679688
Minbatch, batch size: 256, elapsed: 0.0007407665252685547
Minbatch, batch size: 256, elapsed: 0.0007987022399902344
Minbatch, batch size: 256, elapsed: 0.0008499622344970703
Minbatch, batch size: 256, elapsed: 0.0009686946868896484
Minbatch, batch size: 256, elapsed: 0.0008039474487304688
Minbatch, batch size: 256, elapsed: 0.0007882118225097656
Minbatch, batch size: 256, elapsed: 0.0007698535919189453
Minbatch, batch size: 256, elapsed: 0.0007960796356201172
Minbatch, batch size: 256, elapsed: 0.0007805824279785156
Minbatch, batch size: 256, elapsed: 0.0008692741394042969
Minbatch, batch size: 256, elapsed: 0.0008056163787841797
Minbatch, batch size: 256, elapsed: 0.0008292198181152344
Minbatch, batch size: 256, elapsed: 0.0007994174957275391
Minbatch, batch size: 256, elapsed: 0.0007574558258056641
Minbatch, batch size: 256, elapsed: 0.0009148120880126953
Minbatch, batch size: 256, elapsed: 0.0009815692901611328
Minbatch, batch size: 256, elapsed: 0.0007741451263427734
Minbatch, batch size: 256, elapsed: 0.0008127689361572266
Minbatch, batch size: 256, elapsed: 0.0007832050323486328
Minbatch, batch size: 256, elapsed: 0.0009105205535888672
Minbatch, batch size: 256, elapsed: 0.0007834434509277344
Minbatch, batch size: 256, elapsed: 0.0007519721984863281
Minbatch, batch size: 256, elapsed: 0.0007913112640380859
Minbatch, batch size: 256, elapsed: 0.0007920265197753906
Minbatch, batch size: 256, elapsed: 0.0008077621459960938
Minbatch, batch size: 256, elapsed: 0.001268625259399414
Minbatch, batch size: 256, elapsed: 0.0007607936859130859
Minbatch, batch size: 256, elapsed: 0.0007894039154052734
Minbatch, batch size: 256, elapsed: 0.0007967948913574219
Minbatch, batch size: 256, elapsed: 0.0007660388946533203
Minbatch, batch size: 256, elapsed: 0.0009398460388183594
Minbatch, batch size: 256, elapsed: 0.0009551048278808594
Minbatch, batch size: 256, elapsed: 0.0007543563842773438
Minbatch, batch size: 256, elapsed: 0.0008251667022705078
Minbatch, batch size: 256, elapsed: 0.0008213520050048828
Minbatch, batch size: 256, elapsed: 0.0008738040924072266
Minbatch, batch size: 256, elapsed: 0.0007908344268798828
Minbatch, batch size: 256, elapsed: 0.0007958412170410156
Minbatch, batch size: 256, elapsed: 0.0008616447448730469
Minbatch, batch size: 256, elapsed: 0.0007369518280029297
Minbatch, batch size: 256, elapsed: 0.0009465217590332031
Minbatch, batch size: 256, elapsed: 0.0008425712585449219
Minbatch, batch size: 256, elapsed: 0.0008149147033691406
Minbatch, batch size: 256, elapsed: 0.0008845329284667969
Minbatch, batch size: 256, elapsed: 0.0010864734649658203
Minbatch, batch size: 256, elapsed: 0.0009670257568359375
Minbatch, batch size: 256, elapsed: 0.0013539791107177734
Minbatch, batch size: 256, elapsed: 0.0007784366607666016
Minbatch, batch size: 256, elapsed: 0.0007936954498291016
Minbatch, batch size: 256, elapsed: 0.0008149147033691406
Minbatch, batch size: 256, elapsed: 0.0008637905120849609
Minbatch, batch size: 256, elapsed: 0.0011429786682128906
Minbatch, batch size: 256, elapsed: 0.0008254051208496094
Minbatch, batch size: 256, elapsed: 0.0008013248443603516
Minbatch, batch size: 256, elapsed: 0.0008027553558349609
Minbatch, batch size: 256, elapsed: 0.0008268356323242188
Minbatch, batch size: 256, elapsed: 0.0008974075317382812
[DONE] prepared Sports_and_Outdoors with item_id_base=0
