[COPY] Toys_and_Games.inter.json
[QUANT] collaborative index
[collaborative] loading embedding from /root/rivermind-data/diffandletter/DIFF/2eager/ckpt/Toys_and_Games/cf_emb.pt
/root/rivermind-data/EAGER/quant/build_eager_codes.py:35: FutureWarning: You are using `torch.load` with `weights_only=False` (the current default value), which uses the default pickle module implicitly. It is possible to construct malicious pickle data which will execute arbitrary code during unpickling (See https://github.com/pytorch/pytorch/blob/main/SECURITY.md#untrusted-models for more details). In a future release, the default value for `weights_only` will be flipped to `True`. This limits the functions that could be executed during unpickling. Arbitrary objects will no longer be allowed to be loaded via this mode unless they are explicitly allowlisted by the user via `torch.serialization.add_safe_globals`. We recommend you start setting `weights_only=True` for any use case where you don't have full control of the loaded file. Please open an issue on GitHub for any issues related to this experimental feature.
  data = torch.load(path, map_location="cpu")
[collaborative] embedding shape=(11924, 64) cuda_device=0
[collaborative] start Tree construction
start to construct
get into cluster training process
start to cluster
Train iteration done, pcode:0, data size: 65536, elapsed time: 124.53640627861023
start to process mini-batch parallel.....................................
cluster all the nodes, cost 25.538506507873535 s
[collaborative] item_to_code -> /root/rivermind-data/EAGER/quant/outputs/Toys_and_Games/eager_collaborative_k256_item_to_code.npy
[collaborative] code_to_item -> /root/rivermind-data/EAGER/quant/outputs/Toys_and_Games/eager_collaborative_k256_code_to_item.npy
[collaborative] tiger index -> /root/rivermind-data/EAGER/quant/outputs/Toys_and_Games/eager_collaborative_k256.index.json
[collaborative] finished tree export
Minbatch, batch size: 256, elapsed: 0.0008826255798339844
Minbatch, batch size: 256, elapsed: 0.0007293224334716797
Minbatch, batch size: 256, elapsed: 0.0007169246673583984
Minbatch, batch size: 256, elapsed: 0.0007750988006591797
Minbatch, batch size: 256, elapsed: 0.0009038448333740234
Minbatch, batch size: 256, elapsed: 0.0008745193481445312
Minbatch, batch size: 256, elapsed: 0.000743865966796875
Minbatch, batch size: 256, elapsed: 0.0007240772247314453
Minbatch, batch size: 256, elapsed: 0.0011932849884033203
Minbatch, batch size: 256, elapsed: 0.0008938312530517578
Minbatch, batch size: 256, elapsed: 0.0007419586181640625
Minbatch, batch size: 256, elapsed: 0.0007350444793701172
Minbatch, batch size: 256, elapsed: 0.0007271766662597656
Minbatch, batch size: 256, elapsed: 0.0009176731109619141
Minbatch, batch size: 256, elapsed: 0.0007369518280029297
Minbatch, batch size: 256, elapsed: 0.0007615089416503906
Minbatch, batch size: 256, elapsed: 0.0007569789886474609
Minbatch, batch size: 256, elapsed: 0.0007607936859130859
Minbatch, batch size: 256, elapsed: 0.0008718967437744141
Minbatch, batch size: 256, elapsed: 0.0007448196411132812
Minbatch, batch size: 256, elapsed: 0.0007760524749755859
Minbatch, batch size: 256, elapsed: 0.0007534027099609375
Minbatch, batch size: 256, elapsed: 0.0008947849273681641
Minbatch, batch size: 256, elapsed: 0.0007359981536865234
Minbatch, batch size: 256, elapsed: 0.0007274150848388672
Minbatch, batch size: 256, elapsed: 0.0007276535034179688
Minbatch, batch size: 256, elapsed: 0.0008876323699951172
Minbatch, batch size: 256, elapsed: 0.0007503032684326172
Minbatch, batch size: 256, elapsed: 0.0007545948028564453
Minbatch, batch size: 256, elapsed: 0.0007672309875488281
Minbatch, batch size: 256, elapsed: 0.000888824462890625
Minbatch, batch size: 256, elapsed: 0.0007834434509277344
Minbatch, batch size: 256, elapsed: 0.0007219314575195312
Minbatch, batch size: 256, elapsed: 0.0007908344268798828
Minbatch, batch size: 256, elapsed: 0.0007436275482177734
Minbatch, batch size: 256, elapsed: 0.0008895397186279297
Minbatch, batch size: 256, elapsed: 0.0007920265197753906
Minbatch, batch size: 256, elapsed: 0.0007421970367431641
Minbatch, batch size: 256, elapsed: 0.0007567405700683594
Minbatch, batch size: 256, elapsed: 0.0008473396301269531
Minbatch, batch size: 256, elapsed: 0.0008711814880371094
Minbatch, batch size: 256, elapsed: 0.0007452964782714844
Minbatch, batch size: 256, elapsed: 0.0007531642913818359
Minbatch, batch size: 256, elapsed: 0.0007429122924804688
Minbatch, batch size: 256, elapsed: 0.0009121894836425781
Minbatch, batch size: 256, elapsed: 0.0007815361022949219
Minbatch, batch size: 256, elapsed: 0.0007221698760986328
Minbatch, batch size: 256, elapsed: 0.0007588863372802734
Minbatch, batch size: 256, elapsed: 0.0008397102355957031
Minbatch, batch size: 256, elapsed: 0.0007126331329345703
Minbatch, batch size: 256, elapsed: 0.0007030963897705078
Minbatch, batch size: 256, elapsed: 0.0007185935974121094
Minbatch, batch size: 256, elapsed: 0.0007114410400390625
Minbatch, batch size: 256, elapsed: 0.0008466243743896484
Minbatch, batch size: 256, elapsed: 0.0007123947143554688
Minbatch, batch size: 256, elapsed: 0.0006918907165527344
Minbatch, batch size: 256, elapsed: 0.0007121562957763672
Minbatch, batch size: 256, elapsed: 0.0015270709991455078
Minbatch, batch size: 256, elapsed: 0.0007424354553222656
Minbatch, batch size: 256, elapsed: 0.0007281303405761719
Minbatch, batch size: 256, elapsed: 0.0007371902465820312
Minbatch, batch size: 256, elapsed: 0.0007281303405761719
Minbatch, batch size: 256, elapsed: 0.0007417201995849609
Minbatch, batch size: 256, elapsed: 0.0013263225555419922
Minbatch, batch size: 256, elapsed: 0.0007381439208984375
Minbatch, batch size: 256, elapsed: 0.0007736682891845703
Minbatch, batch size: 256, elapsed: 0.0009546279907226562
Minbatch, batch size: 256, elapsed: 0.0007998943328857422
Minbatch, batch size: 256, elapsed: 0.0009005069732666016
Minbatch, batch size: 256, elapsed: 0.0007281303405761719
Minbatch, batch size: 256, elapsed: 0.0007460117340087891
Minbatch, batch size: 256, elapsed: 0.0007417201995849609
Minbatch, batch size: 256, elapsed: 0.0007474422454833984
Minbatch, batch size: 256, elapsed: 0.0008902549743652344
Minbatch, batch size: 256, elapsed: 0.0010004043579101562
Minbatch, batch size: 256, elapsed: 0.0007300376892089844
Minbatch, batch size: 256, elapsed: 0.0007250308990478516
Minbatch, batch size: 256, elapsed: 0.0007281303405761719
Minbatch, batch size: 256, elapsed: 0.0008301734924316406
Minbatch, batch size: 256, elapsed: 0.0007376670837402344
Minbatch, batch size: 256, elapsed: 0.0011413097381591797
Minbatch, batch size: 256, elapsed: 0.0007100105285644531
Minbatch, batch size: 256, elapsed: 0.0007171630859375
Minbatch, batch size: 256, elapsed: 0.0010042190551757812
Minbatch, batch size: 256, elapsed: 0.00079345703125
Minbatch, batch size: 256, elapsed: 0.0007798671722412109
Minbatch, batch size: 256, elapsed: 0.0007505416870117188
Minbatch, batch size: 256, elapsed: 0.0007770061492919922
Minbatch, batch size: 256, elapsed: 0.0008738040924072266
Minbatch, batch size: 256, elapsed: 0.0007665157318115234
Minbatch, batch size: 256, elapsed: 0.0007519721984863281
Minbatch, batch size: 256, elapsed: 0.0007998943328857422
Minbatch, batch size: 256, elapsed: 0.0007531642913818359
Minbatch, batch size: 256, elapsed: 0.0008153915405273438
Minbatch, batch size: 256, elapsed: 0.0007290840148925781
Minbatch, batch size: 256, elapsed: 0.0007138252258300781
Minbatch, batch size: 256, elapsed: 0.0007090568542480469
Minbatch, batch size: 256, elapsed: 0.0007042884826660156
Minbatch, batch size: 256, elapsed: 0.0009024143218994141
Minbatch, batch size: 256, elapsed: 0.0013189315795898438
Minbatch, batch size: 256, elapsed: 0.0007529258728027344
Minbatch, batch size: 256, elapsed: 0.0009319782257080078
Minbatch, batch size: 256, elapsed: 0.0007772445678710938
Minbatch, batch size: 256, elapsed: 0.0008738040924072266
Minbatch, batch size: 256, elapsed: 0.0007863044738769531
Minbatch, batch size: 256, elapsed: 0.0008161067962646484
Minbatch, batch size: 256, elapsed: 0.0007679462432861328
Minbatch, batch size: 256, elapsed: 0.0008535385131835938
Minbatch, batch size: 256, elapsed: 0.0010204315185546875
Minbatch, batch size: 256, elapsed: 0.0010967254638671875
Minbatch, batch size: 256, elapsed: 0.0007650852203369141
Minbatch, batch size: 256, elapsed: 0.0007719993591308594
Minbatch, batch size: 256, elapsed: 0.0007381439208984375
Minbatch, batch size: 256, elapsed: 0.0007593631744384766
Minbatch, batch size: 256, elapsed: 0.001008749008178711
Minbatch, batch size: 256, elapsed: 0.0007660388946533203
Minbatch, batch size: 256, elapsed: 0.0007519721984863281
Minbatch, batch size: 256, elapsed: 0.0008094310760498047
Minbatch, batch size: 256, elapsed: 0.0007615089416503906
Minbatch, batch size: 256, elapsed: 0.0008444786071777344
Minbatch, batch size: 256, elapsed: 0.0008962154388427734
Minbatch, batch size: 256, elapsed: 0.0007469654083251953
Minbatch, batch size: 256, elapsed: 0.0007202625274658203
Minbatch, batch size: 256, elapsed: 0.0008394718170166016
Minbatch, batch size: 256, elapsed: 0.0009024143218994141
Minbatch, batch size: 256, elapsed: 0.000873565673828125
Minbatch, batch size: 256, elapsed: 0.0007243156433105469
Minbatch, batch size: 256, elapsed: 0.0009710788726806641
Minbatch, batch size: 256, elapsed: 0.0007138252258300781
Minbatch, batch size: 256, elapsed: 0.0009243488311767578
Minbatch, batch size: 256, elapsed: 0.001070261001586914
Minbatch, batch size: 256, elapsed: 0.0007281303405761719
Minbatch, batch size: 256, elapsed: 0.0009067058563232422
Minbatch, batch size: 256, elapsed: 0.000698089599609375
Minbatch, batch size: 256, elapsed: 0.0007112026214599609
Minbatch, batch size: 256, elapsed: 0.0007312297821044922
Minbatch, batch size: 256, elapsed: 0.0008718967437744141
Minbatch, batch size: 256, elapsed: 0.0007662773132324219
Minbatch, batch size: 256, elapsed: 0.0007522106170654297
Minbatch, batch size: 256, elapsed: 0.0009877681732177734
Minbatch, batch size: 256, elapsed: 0.000762939453125
Minbatch, batch size: 256, elapsed: 0.0009298324584960938
Minbatch, batch size: 256, elapsed: 0.0007617473602294922
Minbatch, batch size: 256, elapsed: 0.0008666515350341797
Minbatch, batch size: 256, elapsed: 0.0007691383361816406
Minbatch, batch size: 256, elapsed: 0.0007584095001220703
Minbatch, batch size: 256, elapsed: 0.0007195472717285156
Minbatch, batch size: 256, elapsed: 0.0009539127349853516
Minbatch, batch size: 256, elapsed: 0.000926971435546875
Minbatch, batch size: 256, elapsed: 0.000701904296875
Minbatch, batch size: 256, elapsed: 0.0008363723754882812
Minbatch, batch size: 256, elapsed: 0.0007040500640869141
Minbatch, batch size: 256, elapsed: 0.0008182525634765625
Minbatch, batch size: 256, elapsed: 0.0007452964782714844
Minbatch, batch size: 256, elapsed: 0.0010445117950439453
Minbatch, batch size: 256, elapsed: 0.0007162094116210938
Minbatch, batch size: 256, elapsed: 0.0007219314575195312
Minbatch, batch size: 256, elapsed: 0.0008370876312255859
Minbatch, batch size: 256, elapsed: 0.0011169910430908203
Minbatch, batch size: 256, elapsed: 0.0007302761077880859
Minbatch, batch size: 256, elapsed: 0.0007078647613525391
Minbatch, batch size: 256, elapsed: 0.0008604526519775391
Minbatch, batch size: 256, elapsed: 0.0007042884826660156
Minbatch, batch size: 256, elapsed: 0.0008392333984375
Minbatch, batch size: 256, elapsed: 0.0007410049438476562
Minbatch, batch size: 256, elapsed: 0.0008535385131835938
Minbatch, batch size: 256, elapsed: 0.0007166862487792969
Minbatch, batch size: 256, elapsed: 0.001035928726196289
Minbatch, batch size: 256, elapsed: 0.0007505416870117188
Minbatch, batch size: 256, elapsed: 0.0007450580596923828
Minbatch, batch size: 256, elapsed: 0.0007319450378417969
Minbatch, batch size: 256, elapsed: 0.0007579326629638672
Minbatch, batch size: 256, elapsed: 0.0009396076202392578
Minbatch, batch size: 256, elapsed: 0.0009591579437255859
Minbatch, batch size: 256, elapsed: 0.0008320808410644531
Minbatch, batch size: 256, elapsed: 0.0007414817810058594
Minbatch, batch size: 256, elapsed: 0.0008111000061035156
Minbatch, batch size: 256, elapsed: 0.0007493495941162109
Minbatch, batch size: 256, elapsed: 0.0014417171478271484
Minbatch, batch size: 256, elapsed: 0.0008230209350585938
Minbatch, batch size: 256, elapsed: 0.0007584095001220703
Minbatch, batch size: 256, elapsed: 0.0007698535919189453
Minbatch, batch size: 256, elapsed: 0.0007784366607666016
Minbatch, batch size: 256, elapsed: 0.0007884502410888672
Minbatch, batch size: 256, elapsed: 0.0008335113525390625
Minbatch, batch size: 256, elapsed: 0.0007200241088867188
Minbatch, batch size: 256, elapsed: 0.0007135868072509766
Minbatch, batch size: 256, elapsed: 0.0007121562957763672
Minbatch, batch size: 256, elapsed: 0.0007321834564208984
Minbatch, batch size: 256, elapsed: 0.0010647773742675781
Minbatch, batch size: 256, elapsed: 0.0007612705230712891
Minbatch, batch size: 256, elapsed: 0.0007278919219970703
Minbatch, batch size: 256, elapsed: 0.0007240772247314453
Minbatch, batch size: 256, elapsed: 0.0007436275482177734
Minbatch, batch size: 256, elapsed: 0.0009334087371826172
Minbatch, batch size: 256, elapsed: 0.0007350444793701172
Minbatch, batch size: 256, elapsed: 0.0007612705230712891
Minbatch, batch size: 256, elapsed: 0.0007257461547851562
Minbatch, batch size: 256, elapsed: 0.0007271766662597656
Minbatch, batch size: 256, elapsed: 0.0007174015045166016
Minbatch, batch size: 256, elapsed: 0.0008652210235595703
Minbatch, batch size: 256, elapsed: 0.000759124755859375
Minbatch, batch size: 256, elapsed: 0.0008714199066162109
Minbatch, batch size: 256, elapsed: 0.0007467269897460938
Minbatch, batch size: 256, elapsed: 0.0008149147033691406
Minbatch, batch size: 256, elapsed: 0.0009617805480957031
Minbatch, batch size: 256, elapsed: 0.0007178783416748047
Minbatch, batch size: 256, elapsed: 0.0007524490356445312
Minbatch, batch size: 256, elapsed: 0.0007588863372802734
Minbatch, batch size: 256, elapsed: 0.0007340908050537109
Minbatch, batch size: 256, elapsed: 0.0007596015930175781
Minbatch, batch size: 256, elapsed: 0.0008788108825683594
Minbatch, batch size: 256, elapsed: 0.0010135173797607422
Minbatch, batch size: 256, elapsed: 0.000705718994140625
Minbatch, batch size: 256, elapsed: 0.000720977783203125
Minbatch, batch size: 256, elapsed: 0.0006883144378662109
Minbatch, batch size: 256, elapsed: 0.001043081283569336
Minbatch, batch size: 256, elapsed: 0.0012001991271972656
Minbatch, batch size: 256, elapsed: 0.0007145404815673828
Minbatch, batch size: 256, elapsed: 0.0009515285491943359
Minbatch, batch size: 256, elapsed: 0.0009348392486572266
Minbatch, batch size: 256, elapsed: 0.0008020401000976562
Minbatch, batch size: 256, elapsed: 0.0007274150848388672
Minbatch, batch size: 256, elapsed: 0.0012025833129882812
Minbatch, batch size: 256, elapsed: 0.0007350444793701172
Minbatch, batch size: 256, elapsed: 0.0007252693176269531
Minbatch, batch size: 256, elapsed: 0.000751495361328125
Minbatch, batch size: 256, elapsed: 0.0007162094116210938
Minbatch, batch size: 256, elapsed: 0.0009796619415283203
Minbatch, batch size: 256, elapsed: 0.0009768009185791016
Minbatch, batch size: 256, elapsed: 0.0007207393646240234
Minbatch, batch size: 256, elapsed: 0.000705718994140625
Minbatch, batch size: 256, elapsed: 0.0007090568542480469
Minbatch, batch size: 256, elapsed: 0.0009224414825439453
Minbatch, batch size: 256, elapsed: 0.0010106563568115234
Minbatch, batch size: 256, elapsed: 0.0007081031799316406
Minbatch, batch size: 256, elapsed: 0.0007507801055908203
Minbatch, batch size: 256, elapsed: 0.0007071495056152344
Minbatch, batch size: 256, elapsed: 0.0007302761077880859
Minbatch, batch size: 256, elapsed: 0.0009624958038330078
Minbatch, batch size: 256, elapsed: 0.000904083251953125
Minbatch, batch size: 256, elapsed: 0.0007991790771484375
Minbatch, batch size: 256, elapsed: 0.0007843971252441406
Minbatch, batch size: 256, elapsed: 0.0008113384246826172
Minbatch, batch size: 256, elapsed: 0.0008018016815185547
Minbatch, batch size: 256, elapsed: 0.0009202957153320312
Minbatch, batch size: 256, elapsed: 0.0008091926574707031
Minbatch, batch size: 256, elapsed: 0.0007572174072265625
Minbatch, batch size: 256, elapsed: 0.0008344650268554688
Minbatch, batch size: 256, elapsed: 0.00078582763671875
Minbatch, batch size: 256, elapsed: 0.0007815361022949219
Minbatch, batch size: 256, elapsed: 0.0008721351623535156
Minbatch, batch size: 256, elapsed: 0.0007491111755371094
Minbatch, batch size: 256, elapsed: 0.0007545948028564453
Minbatch, batch size: 256, elapsed: 0.0007421970367431641
Minbatch, batch size: 256, elapsed: 0.0007414817810058594
[QUANT] semantic index
[semantic] loading embedding from /root/rivermind-data/EAGER/ckpt/embeddings/Toys_and_Games/Toys_and_Games.ordered.npy
[semantic] embedding shape=(11924, 256) cuda_device=0
[semantic] start Tree construction
start to construct
get into cluster training process
start to cluster
Train iteration done, pcode:0, data size: 65536, elapsed time: 125.66771125793457
start to process mini-batch parallel.....................................
cluster all the nodes, cost 60.560972690582275 s
[semantic] item_to_code -> /root/rivermind-data/EAGER/quant/outputs/Toys_and_Games/eager_semantic_k256_item_to_code.npy
[semantic] code_to_item -> /root/rivermind-data/EAGER/quant/outputs/Toys_and_Games/eager_semantic_k256_code_to_item.npy
[semantic] tiger index -> /root/rivermind-data/EAGER/quant/outputs/Toys_and_Games/eager_semantic_k256.index.json
[semantic] finished tree export
Minbatch, batch size: 256, elapsed: 0.0008542537689208984
Minbatch, batch size: 256, elapsed: 0.0007512569427490234
Minbatch, batch size: 256, elapsed: 0.0007433891296386719
Minbatch, batch size: 256, elapsed: 0.0007424354553222656
Minbatch, batch size: 256, elapsed: 0.0007622241973876953
Minbatch, batch size: 256, elapsed: 0.0011246204376220703
Minbatch, batch size: 256, elapsed: 0.0007488727569580078
Minbatch, batch size: 256, elapsed: 0.0007379055023193359
Minbatch, batch size: 256, elapsed: 0.0007350444793701172
Minbatch, batch size: 256, elapsed: 0.0009615421295166016
Minbatch, batch size: 256, elapsed: 0.0008666515350341797
Minbatch, batch size: 256, elapsed: 0.0007331371307373047
Minbatch, batch size: 256, elapsed: 0.0007102489471435547
Minbatch, batch size: 256, elapsed: 0.0007219314575195312
Minbatch, batch size: 256, elapsed: 0.0007140636444091797
Minbatch, batch size: 256, elapsed: 0.0009591579437255859
Minbatch, batch size: 256, elapsed: 0.0008330345153808594
Minbatch, batch size: 256, elapsed: 0.0011057853698730469
Minbatch, batch size: 256, elapsed: 0.0008563995361328125
Minbatch, batch size: 256, elapsed: 0.00078582763671875
Minbatch, batch size: 256, elapsed: 0.0009024143218994141
Minbatch, batch size: 256, elapsed: 0.0007550716400146484
Minbatch, batch size: 256, elapsed: 0.0007393360137939453
Minbatch, batch size: 256, elapsed: 0.0007596015930175781
Minbatch, batch size: 256, elapsed: 0.0007460117340087891
Minbatch, batch size: 256, elapsed: 0.0012311935424804688
Minbatch, batch size: 256, elapsed: 0.0007576942443847656
Minbatch, batch size: 256, elapsed: 0.0007417201995849609
Minbatch, batch size: 256, elapsed: 0.0008249282836914062
Minbatch, batch size: 256, elapsed: 0.0008544921875
Minbatch, batch size: 256, elapsed: 0.0009837150573730469
Minbatch, batch size: 256, elapsed: 0.0017561912536621094
Minbatch, batch size: 256, elapsed: 0.0007295608520507812
Minbatch, batch size: 256, elapsed: 0.0007460117340087891
Minbatch, batch size: 256, elapsed: 0.0008342266082763672
Minbatch, batch size: 256, elapsed: 0.000990152359008789
Minbatch, batch size: 256, elapsed: 0.0010066032409667969
Minbatch, batch size: 256, elapsed: 0.0007772445678710938
Minbatch, batch size: 256, elapsed: 0.0007569789886474609
Minbatch, batch size: 256, elapsed: 0.0008132457733154297
Minbatch, batch size: 256, elapsed: 0.0008628368377685547
Minbatch, batch size: 256, elapsed: 0.0008523464202880859
Minbatch, batch size: 256, elapsed: 0.0007388591766357422
Minbatch, batch size: 256, elapsed: 0.0007524490356445312
Minbatch, batch size: 256, elapsed: 0.0007729530334472656
Minbatch, batch size: 256, elapsed: 0.0008704662322998047
Minbatch, batch size: 256, elapsed: 0.0007719993591308594
Minbatch, batch size: 256, elapsed: 0.0007717609405517578
Minbatch, batch size: 256, elapsed: 0.0007686614990234375
Minbatch, batch size: 256, elapsed: 0.0007371902465820312
Minbatch, batch size: 256, elapsed: 0.0009925365447998047
Minbatch, batch size: 256, elapsed: 0.0008111000061035156
Minbatch, batch size: 256, elapsed: 0.0007963180541992188
Minbatch, batch size: 256, elapsed: 0.0008153915405273438
Minbatch, batch size: 256, elapsed: 0.0007846355438232422
Minbatch, batch size: 256, elapsed: 0.0009069442749023438
Minbatch, batch size: 256, elapsed: 0.0010404586791992188
Minbatch, batch size: 256, elapsed: 0.0007295608520507812
Minbatch, batch size: 256, elapsed: 0.0007178783416748047
Minbatch, batch size: 256, elapsed: 0.0007727146148681641
Minbatch, batch size: 256, elapsed: 0.0009529590606689453
Minbatch, batch size: 256, elapsed: 0.0007827281951904297
Minbatch, batch size: 256, elapsed: 0.0007750988006591797
Minbatch, batch size: 256, elapsed: 0.0008029937744140625
Minbatch, batch size: 256, elapsed: 0.000762939453125
Minbatch, batch size: 256, elapsed: 0.0008442401885986328
Minbatch, batch size: 256, elapsed: 0.0008099079132080078
Minbatch, batch size: 256, elapsed: 0.0007376670837402344
Minbatch, batch size: 256, elapsed: 0.0007424354553222656
Minbatch, batch size: 256, elapsed: 0.000736236572265625
Minbatch, batch size: 256, elapsed: 0.0009357929229736328
Minbatch, batch size: 256, elapsed: 0.0008080005645751953
Minbatch, batch size: 256, elapsed: 0.0007696151733398438
Minbatch, batch size: 256, elapsed: 0.00079345703125
Minbatch, batch size: 256, elapsed: 0.0009791851043701172
Minbatch, batch size: 256, elapsed: 0.0008814334869384766
Minbatch, batch size: 256, elapsed: 0.0007357597351074219
Minbatch, batch size: 256, elapsed: 0.0007257461547851562
Minbatch, batch size: 256, elapsed: 0.0007266998291015625
Minbatch, batch size: 256, elapsed: 0.0007359981536865234
Minbatch, batch size: 256, elapsed: 0.0010831356048583984
Minbatch, batch size: 256, elapsed: 0.0008203983306884766
Minbatch, batch size: 256, elapsed: 0.0008335113525390625
Minbatch, batch size: 256, elapsed: 0.0007917881011962891
Minbatch, batch size: 256, elapsed: 0.0008270740509033203
Minbatch, batch size: 256, elapsed: 0.0008640289306640625
Minbatch, batch size: 256, elapsed: 0.0008018016815185547
Minbatch, batch size: 256, elapsed: 0.00078582763671875
Minbatch, batch size: 256, elapsed: 0.0007429122924804688
Minbatch, batch size: 256, elapsed: 0.0007281303405761719
Minbatch, batch size: 256, elapsed: 0.0009324550628662109
Minbatch, batch size: 256, elapsed: 0.001032114028930664
Minbatch, batch size: 256, elapsed: 0.0007503032684326172
Minbatch, batch size: 256, elapsed: 0.0007653236389160156
Minbatch, batch size: 256, elapsed: 0.0007765293121337891
Minbatch, batch size: 256, elapsed: 0.0008871555328369141
Minbatch, batch size: 256, elapsed: 0.000823974609375
Minbatch, batch size: 256, elapsed: 0.0008130073547363281
Minbatch, batch size: 256, elapsed: 0.0008909702301025391
Minbatch, batch size: 256, elapsed: 0.0007691383361816406
Minbatch, batch size: 256, elapsed: 0.0010061264038085938
Minbatch, batch size: 256, elapsed: 0.0007989406585693359
Minbatch, batch size: 256, elapsed: 0.0007870197296142578
Minbatch, batch size: 256, elapsed: 0.0008015632629394531
Minbatch, batch size: 256, elapsed: 0.0007684230804443359
Minbatch, batch size: 256, elapsed: 0.0008869171142578125
Minbatch, batch size: 256, elapsed: 0.0007421970367431641
Minbatch, batch size: 256, elapsed: 0.0007677078247070312
Minbatch, batch size: 256, elapsed: 0.0007693767547607422
Minbatch, batch size: 256, elapsed: 0.0008940696716308594
Minbatch, batch size: 256, elapsed: 0.0008878707885742188
Minbatch, batch size: 256, elapsed: 0.0008184909820556641
Minbatch, batch size: 256, elapsed: 0.0007526874542236328
Minbatch, batch size: 256, elapsed: 0.0007472038269042969
Minbatch, batch size: 256, elapsed: 0.00074005126953125
Minbatch, batch size: 256, elapsed: 0.0009081363677978516
Minbatch, batch size: 256, elapsed: 0.0007841587066650391
Minbatch, batch size: 256, elapsed: 0.0008006095886230469
Minbatch, batch size: 256, elapsed: 0.0007686614990234375
Minbatch, batch size: 256, elapsed: 0.0009584426879882812
Minbatch, batch size: 256, elapsed: 0.0010607242584228516
Minbatch, batch size: 256, elapsed: 0.0008406639099121094
Minbatch, batch size: 256, elapsed: 0.0008199214935302734
Minbatch, batch size: 256, elapsed: 0.0008749961853027344
Minbatch, batch size: 256, elapsed: 0.0007739067077636719
Minbatch, batch size: 256, elapsed: 0.0008840560913085938
Minbatch, batch size: 256, elapsed: 0.0007600784301757812
Minbatch, batch size: 256, elapsed: 0.0007402896881103516
Minbatch, batch size: 256, elapsed: 0.0007488727569580078
Minbatch, batch size: 256, elapsed: 0.0007388591766357422
Minbatch, batch size: 256, elapsed: 0.0009024143218994141
Minbatch, batch size: 256, elapsed: 0.0011012554168701172
Minbatch, batch size: 256, elapsed: 0.0007433891296386719
Minbatch, batch size: 256, elapsed: 0.0007441043853759766
Minbatch, batch size: 256, elapsed: 0.0007991790771484375
Minbatch, batch size: 256, elapsed: 0.0009050369262695312
Minbatch, batch size: 256, elapsed: 0.0007977485656738281
Minbatch, batch size: 256, elapsed: 0.0007703304290771484
Minbatch, batch size: 256, elapsed: 0.0007569789886474609
Minbatch, batch size: 256, elapsed: 0.00080108642578125
Minbatch, batch size: 256, elapsed: 0.0008895397186279297
Minbatch, batch size: 256, elapsed: 0.0008304119110107422
Minbatch, batch size: 256, elapsed: 0.0007917881011962891
Minbatch, batch size: 256, elapsed: 0.0008215904235839844
Minbatch, batch size: 256, elapsed: 0.0007646083831787109
Minbatch, batch size: 256, elapsed: 0.0010976791381835938
Minbatch, batch size: 256, elapsed: 0.0007488727569580078
Minbatch, batch size: 256, elapsed: 0.0007607936859130859
Minbatch, batch size: 256, elapsed: 0.0007574558258056641
Minbatch, batch size: 256, elapsed: 0.0007584095001220703
Minbatch, batch size: 256, elapsed: 0.0008292198181152344
Minbatch, batch size: 256, elapsed: 0.0008118152618408203
Minbatch, batch size: 256, elapsed: 0.0007882118225097656
Minbatch, batch size: 256, elapsed: 0.0007908344268798828
Minbatch, batch size: 256, elapsed: 0.0007829666137695312
Minbatch, batch size: 256, elapsed: 0.0009634494781494141
Minbatch, batch size: 256, elapsed: 0.0007355213165283203
Minbatch, batch size: 256, elapsed: 0.0007488727569580078
Minbatch, batch size: 256, elapsed: 0.0007543563842773438
Minbatch, batch size: 256, elapsed: 0.00075531005859375
Minbatch, batch size: 256, elapsed: 0.0009002685546875
Minbatch, batch size: 256, elapsed: 0.0010104179382324219
Minbatch, batch size: 256, elapsed: 0.0008435249328613281
Minbatch, batch size: 256, elapsed: 0.0007929801940917969
Minbatch, batch size: 256, elapsed: 0.0009188652038574219
Minbatch, batch size: 256, elapsed: 0.0008556842803955078
Minbatch, batch size: 256, elapsed: 0.0007767677307128906
Minbatch, batch size: 256, elapsed: 0.0007243156433105469
Minbatch, batch size: 256, elapsed: 0.000762939453125
Minbatch, batch size: 256, elapsed: 0.0007343292236328125
Minbatch, batch size: 256, elapsed: 0.0008864402770996094
Minbatch, batch size: 256, elapsed: 0.001077413558959961
Minbatch, batch size: 256, elapsed: 0.000797271728515625
Minbatch, batch size: 256, elapsed: 0.0007224082946777344
Minbatch, batch size: 256, elapsed: 0.00079345703125
Minbatch, batch size: 256, elapsed: 0.0010962486267089844
Minbatch, batch size: 256, elapsed: 0.0009918212890625
Minbatch, batch size: 256, elapsed: 0.0007817745208740234
Minbatch, batch size: 256, elapsed: 0.0007433891296386719
Minbatch, batch size: 256, elapsed: 0.0007779598236083984
Minbatch, batch size: 256, elapsed: 0.0008947849273681641
Minbatch, batch size: 256, elapsed: 0.0008549690246582031
Minbatch, batch size: 256, elapsed: 0.0008459091186523438
Minbatch, batch size: 256, elapsed: 0.000820159912109375
Minbatch, batch size: 256, elapsed: 0.0008127689361572266
Minbatch, batch size: 256, elapsed: 0.0009129047393798828
Minbatch, batch size: 256, elapsed: 0.0008549690246582031
Minbatch, batch size: 256, elapsed: 0.0008282661437988281
Minbatch, batch size: 256, elapsed: 0.0007357597351074219
Minbatch, batch size: 256, elapsed: 0.0007665157318115234
Minbatch, batch size: 256, elapsed: 0.0009286403656005859
Minbatch, batch size: 256, elapsed: 0.0007495880126953125
Minbatch, batch size: 256, elapsed: 0.0008022785186767578
Minbatch, batch size: 256, elapsed: 0.0007302761077880859
Minbatch, batch size: 256, elapsed: 0.0007157325744628906
Minbatch, batch size: 256, elapsed: 0.0009624958038330078
Minbatch, batch size: 256, elapsed: 0.0008966922760009766
Minbatch, batch size: 256, elapsed: 0.0007441043853759766
Minbatch, batch size: 256, elapsed: 0.0007853507995605469
Minbatch, batch size: 256, elapsed: 0.0008001327514648438
Minbatch, batch size: 256, elapsed: 0.0007374286651611328
Minbatch, batch size: 256, elapsed: 0.0008718967437744141
Minbatch, batch size: 256, elapsed: 0.0007798671722412109
Minbatch, batch size: 256, elapsed: 0.0007472038269042969
Minbatch, batch size: 256, elapsed: 0.0007731914520263672
Minbatch, batch size: 256, elapsed: 0.0007612705230712891
Minbatch, batch size: 256, elapsed: 0.0008435249328613281
Minbatch, batch size: 256, elapsed: 0.000858306884765625
Minbatch, batch size: 256, elapsed: 0.0008082389831542969
Minbatch, batch size: 256, elapsed: 0.000736236572265625
Minbatch, batch size: 256, elapsed: 0.0007278919219970703
Minbatch, batch size: 256, elapsed: 0.0007266998291015625
Minbatch, batch size: 256, elapsed: 0.0008606910705566406
Minbatch, batch size: 256, elapsed: 0.000743865966796875
Minbatch, batch size: 256, elapsed: 0.0007493495941162109
Minbatch, batch size: 256, elapsed: 0.0007517337799072266
Minbatch, batch size: 256, elapsed: 0.0007364749908447266
Minbatch, batch size: 256, elapsed: 0.0008873939514160156
Minbatch, batch size: 256, elapsed: 0.0008542537689208984
Minbatch, batch size: 256, elapsed: 0.0007822513580322266
Minbatch, batch size: 256, elapsed: 0.00078582763671875
Minbatch, batch size: 256, elapsed: 0.0007898807525634766
Minbatch, batch size: 256, elapsed: 0.000774383544921875
Minbatch, batch size: 256, elapsed: 0.0009129047393798828
Minbatch, batch size: 256, elapsed: 0.0007565021514892578
Minbatch, batch size: 256, elapsed: 0.0007345676422119141
Minbatch, batch size: 256, elapsed: 0.000743865966796875
Minbatch, batch size: 256, elapsed: 0.0007174015045166016
Minbatch, batch size: 256, elapsed: 0.0007433891296386719
Minbatch, batch size: 256, elapsed: 0.0009016990661621094
Minbatch, batch size: 256, elapsed: 0.0007483959197998047
Minbatch, batch size: 256, elapsed: 0.0007598400115966797
Minbatch, batch size: 256, elapsed: 0.000751495361328125
Minbatch, batch size: 256, elapsed: 0.0007426738739013672
Minbatch, batch size: 256, elapsed: 0.0009129047393798828
Minbatch, batch size: 256, elapsed: 0.0010287761688232422
Minbatch, batch size: 256, elapsed: 0.0007894039154052734
Minbatch, batch size: 256, elapsed: 0.0007600784301757812
Minbatch, batch size: 256, elapsed: 0.0007984638214111328
Minbatch, batch size: 256, elapsed: 0.0008420944213867188
Minbatch, batch size: 256, elapsed: 0.0007719993591308594
Minbatch, batch size: 256, elapsed: 0.0007295608520507812
Minbatch, batch size: 256, elapsed: 0.0007255077362060547
Minbatch, batch size: 256, elapsed: 0.0007193088531494141
Minbatch, batch size: 256, elapsed: 0.0007300376892089844
Minbatch, batch size: 256, elapsed: 0.0010523796081542969
Minbatch, batch size: 256, elapsed: 0.0007970333099365234
Minbatch, batch size: 256, elapsed: 0.0007593631744384766
Minbatch, batch size: 256, elapsed: 0.0007433891296386719
Minbatch, batch size: 256, elapsed: 0.0007419586181640625
Minbatch, batch size: 256, elapsed: 0.0007436275482177734
Minbatch, batch size: 256, elapsed: 0.0009412765502929688
Minbatch, batch size: 256, elapsed: 0.0008897781372070312
Minbatch, batch size: 256, elapsed: 0.0007572174072265625
Minbatch, batch size: 256, elapsed: 0.0007271766662597656
Minbatch, batch size: 256, elapsed: 0.0007824897766113281
[DONE] prepared Toys_and_Games with item_id_base=0
