[COPY] Yelp.inter.json
[QUANT] collaborative index
[collaborative] loading embedding from /root/rivermind-data/diffandletter/DIFF/2eager/ckpt/Yelp/cf_emb.pt
/root/rivermind-data/EAGER/quant/build_eager_codes.py:35: FutureWarning: You are using `torch.load` with `weights_only=False` (the current default value), which uses the default pickle module implicitly. It is possible to construct malicious pickle data which will execute arbitrary code during unpickling (See https://github.com/pytorch/pytorch/blob/main/SECURITY.md#untrusted-models for more details). In a future release, the default value for `weights_only` will be flipped to `True`. This limits the functions that could be executed during unpickling. Arbitrary objects will no longer be allowed to be loaded via this mode unless they are explicitly allowlisted by the user via `torch.serialization.add_safe_globals`. We recommend you start setting `weights_only=True` for any use case where you don't have full control of the loaded file. Please open an issue on GitHub for any issues related to this experimental feature.
  data = torch.load(path, map_location="cpu")
[collaborative] embedding shape=(20033, 64) cuda_device=1
[collaborative] start Tree construction
start to construct
get into cluster training process
start to cluster
Train iteration done, pcode:0, data size: 65536, elapsed time: 114.39828896522522
start to process mini-batch parallel.....................................
cluster all the nodes, cost 30.859039783477783 s
[collaborative] item_to_code -> /root/rivermind-data/EAGER/quant/outputs/Yelp/eager_collaborative_k256_item_to_code.npy
[collaborative] code_to_item -> /root/rivermind-data/EAGER/quant/outputs/Yelp/eager_collaborative_k256_code_to_item.npy
[collaborative] tiger index -> /root/rivermind-data/EAGER/quant/outputs/Yelp/eager_collaborative_k256.index.json
[collaborative] finished tree export
Minbatch, batch size: 256, elapsed: 0.0009484291076660156
Minbatch, batch size: 256, elapsed: 0.0010902881622314453
Minbatch, batch size: 256, elapsed: 0.0009856224060058594
Minbatch, batch size: 256, elapsed: 0.0009112358093261719
Minbatch, batch size: 256, elapsed: 0.0007314682006835938
Minbatch, batch size: 256, elapsed: 0.0009963512420654297
Minbatch, batch size: 256, elapsed: 0.0007030963897705078
Minbatch, batch size: 256, elapsed: 0.0009250640869140625
Minbatch, batch size: 256, elapsed: 0.0007021427154541016
Minbatch, batch size: 256, elapsed: 0.0009450912475585938
Minbatch, batch size: 256, elapsed: 0.0011610984802246094
Minbatch, batch size: 256, elapsed: 0.0007479190826416016
Minbatch, batch size: 256, elapsed: 0.000751495361328125
Minbatch, batch size: 256, elapsed: 0.0007925033569335938
Minbatch, batch size: 256, elapsed: 0.0008757114410400391
Minbatch, batch size: 256, elapsed: 0.0007398128509521484
Minbatch, batch size: 256, elapsed: 0.0007593631744384766
Minbatch, batch size: 256, elapsed: 0.0008175373077392578
Minbatch, batch size: 256, elapsed: 0.0010652542114257812
Minbatch, batch size: 256, elapsed: 0.0007891654968261719
Minbatch, batch size: 256, elapsed: 0.0007774829864501953
Minbatch, batch size: 256, elapsed: 0.0007712841033935547
Minbatch, batch size: 256, elapsed: 0.0009005069732666016
Minbatch, batch size: 256, elapsed: 0.00080108642578125
Minbatch, batch size: 256, elapsed: 0.0007436275482177734
Minbatch, batch size: 256, elapsed: 0.0007457733154296875
Minbatch, batch size: 256, elapsed: 0.0007503032684326172
Minbatch, batch size: 256, elapsed: 0.0013010501861572266
Minbatch, batch size: 256, elapsed: 0.0007939338684082031
Minbatch, batch size: 256, elapsed: 0.0007143020629882812
Minbatch, batch size: 256, elapsed: 0.0007281303405761719
Minbatch, batch size: 256, elapsed: 0.0007393360137939453
Minbatch, batch size: 256, elapsed: 0.0013885498046875
Minbatch, batch size: 256, elapsed: 0.0009331703186035156
Minbatch, batch size: 256, elapsed: 0.0006811618804931641
Minbatch, batch size: 256, elapsed: 0.0008308887481689453
Minbatch, batch size: 256, elapsed: 0.0008931159973144531
Minbatch, batch size: 256, elapsed: 0.0011429786682128906
Minbatch, batch size: 256, elapsed: 0.0007407665252685547
Minbatch, batch size: 256, elapsed: 0.0007336139678955078
Minbatch, batch size: 256, elapsed: 0.0007615089416503906
Minbatch, batch size: 256, elapsed: 0.0008647441864013672
Minbatch, batch size: 256, elapsed: 0.0009181499481201172
Minbatch, batch size: 256, elapsed: 0.0007164478302001953
Minbatch, batch size: 256, elapsed: 0.0008730888366699219
Minbatch, batch size: 256, elapsed: 0.0014023780822753906
Minbatch, batch size: 256, elapsed: 0.0007560253143310547
Minbatch, batch size: 256, elapsed: 0.0007004737854003906
Minbatch, batch size: 256, elapsed: 0.0007526874542236328
Minbatch, batch size: 256, elapsed: 0.0007088184356689453
Minbatch, batch size: 256, elapsed: 0.0008761882781982422
Minbatch, batch size: 256, elapsed: 0.0007236003875732422
Minbatch, batch size: 256, elapsed: 0.0007290840148925781
Minbatch, batch size: 256, elapsed: 0.0007371902465820312
Minbatch, batch size: 256, elapsed: 0.0013017654418945312
Minbatch, batch size: 256, elapsed: 0.0007390975952148438
Minbatch, batch size: 256, elapsed: 0.0007083415985107422
Minbatch, batch size: 256, elapsed: 0.0007076263427734375
Minbatch, batch size: 256, elapsed: 0.0009419918060302734
Minbatch, batch size: 256, elapsed: 0.0012867450714111328
Minbatch, batch size: 256, elapsed: 0.0007581710815429688
Minbatch, batch size: 256, elapsed: 0.0007121562957763672
Minbatch, batch size: 256, elapsed: 0.0008299350738525391
Minbatch, batch size: 256, elapsed: 0.0009131431579589844
Minbatch, batch size: 256, elapsed: 0.0007460117340087891
Minbatch, batch size: 256, elapsed: 0.0008368492126464844
Minbatch, batch size: 256, elapsed: 0.0007326602935791016
Minbatch, batch size: 256, elapsed: 0.0008616447448730469
Minbatch, batch size: 256, elapsed: 0.0008876323699951172
Minbatch, batch size: 256, elapsed: 0.0007338523864746094
Minbatch, batch size: 256, elapsed: 0.0007965564727783203
Minbatch, batch size: 256, elapsed: 0.0006985664367675781
Minbatch, batch size: 256, elapsed: 0.0009818077087402344
Minbatch, batch size: 256, elapsed: 0.0015532970428466797
Minbatch, batch size: 256, elapsed: 0.0008568763732910156
Minbatch, batch size: 256, elapsed: 0.0007936954498291016
Minbatch, batch size: 256, elapsed: 0.0007145404815673828
Minbatch, batch size: 256, elapsed: 0.0007083415985107422
Minbatch, batch size: 256, elapsed: 0.0011529922485351562
Minbatch, batch size: 256, elapsed: 0.0007624626159667969
Minbatch, batch size: 256, elapsed: 0.0007734298706054688
Minbatch, batch size: 256, elapsed: 0.0007798671722412109
Minbatch, batch size: 256, elapsed: 0.000759124755859375
Minbatch, batch size: 256, elapsed: 0.0009217262268066406
Minbatch, batch size: 256, elapsed: 0.0007979869842529297
Minbatch, batch size: 256, elapsed: 0.0008957386016845703
Minbatch, batch size: 256, elapsed: 0.0007710456848144531
Minbatch, batch size: 256, elapsed: 0.0008676052093505859
Minbatch, batch size: 256, elapsed: 0.0014500617980957031
Minbatch, batch size: 256, elapsed: 0.0008306503295898438
Minbatch, batch size: 256, elapsed: 0.0007040500640869141
Minbatch, batch size: 256, elapsed: 0.0007226467132568359
Minbatch, batch size: 256, elapsed: 0.0007147789001464844
Minbatch, batch size: 256, elapsed: 0.0009064674377441406
Minbatch, batch size: 256, elapsed: 0.000736236572265625
Minbatch, batch size: 256, elapsed: 0.0007662773132324219
Minbatch, batch size: 256, elapsed: 0.0007123947143554688
Minbatch, batch size: 256, elapsed: 0.0008351802825927734
Minbatch, batch size: 256, elapsed: 0.0010733604431152344
Minbatch, batch size: 256, elapsed: 0.0011069774627685547
Minbatch, batch size: 256, elapsed: 0.0009098052978515625
Minbatch, batch size: 256, elapsed: 0.0007488727569580078
Minbatch, batch size: 256, elapsed: 0.0007281303405761719
Minbatch, batch size: 256, elapsed: 0.05765652656555176
Minbatch, batch size: 256, elapsed: 0.0008535385131835938
Minbatch, batch size: 256, elapsed: 0.0007503032684326172
Minbatch, batch size: 256, elapsed: 0.0008707046508789062
Minbatch, batch size: 256, elapsed: 0.0007376670837402344
Minbatch, batch size: 256, elapsed: 0.0009109973907470703
Minbatch, batch size: 256, elapsed: 0.0007586479187011719
Minbatch, batch size: 256, elapsed: 0.0007402896881103516
Minbatch, batch size: 256, elapsed: 0.00072479248046875
Minbatch, batch size: 256, elapsed: 0.0007369518280029297
Minbatch, batch size: 256, elapsed: 0.0013077259063720703
Minbatch, batch size: 256, elapsed: 0.0008273124694824219
Minbatch, batch size: 256, elapsed: 0.0008258819580078125
Minbatch, batch size: 256, elapsed: 0.0007481575012207031
Minbatch, batch size: 256, elapsed: 0.0010600090026855469
Minbatch, batch size: 256, elapsed: 0.001003265380859375
Minbatch, batch size: 256, elapsed: 0.0007479190826416016
Minbatch, batch size: 256, elapsed: 0.0007259845733642578
Minbatch, batch size: 256, elapsed: 0.0007147789001464844
Minbatch, batch size: 256, elapsed: 0.0009658336639404297
Minbatch, batch size: 256, elapsed: 0.0009198188781738281
Minbatch, batch size: 256, elapsed: 0.0008661746978759766
Minbatch, batch size: 256, elapsed: 0.0008158683776855469
Minbatch, batch size: 256, elapsed: 0.0009403228759765625
Minbatch, batch size: 256, elapsed: 0.0007882118225097656
Minbatch, batch size: 256, elapsed: 0.0007512569427490234
Minbatch, batch size: 256, elapsed: 0.0011107921600341797
Minbatch, batch size: 256, elapsed: 0.0007746219635009766
Minbatch, batch size: 256, elapsed: 0.0010192394256591797
Minbatch, batch size: 256, elapsed: 0.0007278919219970703
Minbatch, batch size: 256, elapsed: 0.0008678436279296875
Minbatch, batch size: 256, elapsed: 0.0007266998291015625
Minbatch, batch size: 256, elapsed: 0.0010294914245605469
Minbatch, batch size: 256, elapsed: 0.0007085800170898438
Minbatch, batch size: 256, elapsed: 0.0006818771362304688
Minbatch, batch size: 256, elapsed: 0.0006875991821289062
Minbatch, batch size: 256, elapsed: 0.0007004737854003906
Minbatch, batch size: 256, elapsed: 0.0010535717010498047
Minbatch, batch size: 256, elapsed: 0.0007925033569335938
Minbatch, batch size: 256, elapsed: 0.0013082027435302734
Minbatch, batch size: 256, elapsed: 0.0007257461547851562
Minbatch, batch size: 256, elapsed: 0.0007603168487548828
Minbatch, batch size: 256, elapsed: 0.0007159709930419922
Minbatch, batch size: 256, elapsed: 0.0009284019470214844
Minbatch, batch size: 256, elapsed: 0.0007998943328857422
Minbatch, batch size: 256, elapsed: 0.0008208751678466797
Minbatch, batch size: 256, elapsed: 0.000762939453125
Minbatch, batch size: 256, elapsed: 0.0008337497711181641
Minbatch, batch size: 256, elapsed: 0.0009746551513671875
Minbatch, batch size: 256, elapsed: 0.0008497238159179688
Minbatch, batch size: 256, elapsed: 0.0007688999176025391
Minbatch, batch size: 256, elapsed: 0.0010097026824951172
Minbatch, batch size: 256, elapsed: 0.0009486675262451172
Minbatch, batch size: 256, elapsed: 0.0007355213165283203
Minbatch, batch size: 256, elapsed: 0.000934600830078125
Minbatch, batch size: 256, elapsed: 0.0008838176727294922
Minbatch, batch size: 256, elapsed: 0.0012545585632324219
Minbatch, batch size: 256, elapsed: 0.0009381771087646484
Minbatch, batch size: 256, elapsed: 0.0008561611175537109
Minbatch, batch size: 256, elapsed: 0.0007214546203613281
Minbatch, batch size: 256, elapsed: 0.0008711814880371094
Minbatch, batch size: 256, elapsed: 0.0008766651153564453
Minbatch, batch size: 256, elapsed: 0.0006954669952392578
Minbatch, batch size: 256, elapsed: 0.0007066726684570312
Minbatch, batch size: 256, elapsed: 0.0007088184356689453
Minbatch, batch size: 256, elapsed: 0.0008893013000488281
Minbatch, batch size: 256, elapsed: 0.000995635986328125
Minbatch, batch size: 256, elapsed: 0.0007364749908447266
Minbatch, batch size: 256, elapsed: 0.0012042522430419922
Minbatch, batch size: 256, elapsed: 0.0007052421569824219
Minbatch, batch size: 256, elapsed: 0.0008847713470458984
Minbatch, batch size: 256, elapsed: 0.0011463165283203125
Minbatch, batch size: 256, elapsed: 0.0008339881896972656
Minbatch, batch size: 256, elapsed: 0.0007872581481933594
Minbatch, batch size: 256, elapsed: 0.0007674694061279297
Minbatch, batch size: 256, elapsed: 0.0009324550628662109
Minbatch, batch size: 256, elapsed: 0.0009360313415527344
Minbatch, batch size: 256, elapsed: 0.0007658004760742188
Minbatch, batch size: 256, elapsed: 0.0007393360137939453
Minbatch, batch size: 256, elapsed: 0.0007252693176269531
Minbatch, batch size: 256, elapsed: 0.0007343292236328125
Minbatch, batch size: 256, elapsed: 0.0007483959197998047
Minbatch, batch size: 256, elapsed: 0.001332998275756836
Minbatch, batch size: 256, elapsed: 0.0007948875427246094
Minbatch, batch size: 256, elapsed: 0.0008976459503173828
Minbatch, batch size: 256, elapsed: 0.0007421970367431641
Minbatch, batch size: 256, elapsed: 0.0007617473602294922
Minbatch, batch size: 256, elapsed: 0.001230478286743164
Minbatch, batch size: 256, elapsed: 0.0008087158203125
Minbatch, batch size: 256, elapsed: 0.0007343292236328125
Minbatch, batch size: 256, elapsed: 0.0007309913635253906
Minbatch, batch size: 256, elapsed: 0.0007410049438476562
Minbatch, batch size: 256, elapsed: 0.00075531005859375
Minbatch, batch size: 256, elapsed: 0.0008554458618164062
Minbatch, batch size: 256, elapsed: 0.0007870197296142578
Minbatch, batch size: 256, elapsed: 0.0007030963897705078
Minbatch, batch size: 256, elapsed: 0.0007381439208984375
Minbatch, batch size: 256, elapsed: 0.0007088184356689453
Minbatch, batch size: 256, elapsed: 0.0008244514465332031
Minbatch, batch size: 256, elapsed: 0.0008943080902099609
Minbatch, batch size: 256, elapsed: 0.0007951259613037109
Minbatch, batch size: 256, elapsed: 0.0007319450378417969
Minbatch, batch size: 256, elapsed: 0.0010671615600585938
Minbatch, batch size: 256, elapsed: 0.0007257461547851562
Minbatch, batch size: 256, elapsed: 0.0007293224334716797
Minbatch, batch size: 256, elapsed: 0.0012955665588378906
Minbatch, batch size: 256, elapsed: 0.0007479190826416016
Minbatch, batch size: 256, elapsed: 0.0007379055023193359
Minbatch, batch size: 256, elapsed: 0.0007424354553222656
Minbatch, batch size: 256, elapsed: 0.0007185935974121094
Minbatch, batch size: 256, elapsed: 0.0496068000793457
Minbatch, batch size: 256, elapsed: 0.00077056884765625
Minbatch, batch size: 256, elapsed: 0.0007612705230712891
Minbatch, batch size: 256, elapsed: 0.0007545948028564453
Minbatch, batch size: 256, elapsed: 0.0007581710815429688
Minbatch, batch size: 256, elapsed: 0.0009963512420654297
Minbatch, batch size: 256, elapsed: 0.0007412433624267578
Minbatch, batch size: 256, elapsed: 0.0007569789886474609
Minbatch, batch size: 256, elapsed: 0.0007224082946777344
Minbatch, batch size: 256, elapsed: 0.0007202625274658203
Minbatch, batch size: 256, elapsed: 0.0009691715240478516
Minbatch, batch size: 256, elapsed: 0.0009579658508300781
Minbatch, batch size: 256, elapsed: 0.0007061958312988281
Minbatch, batch size: 256, elapsed: 0.0008776187896728516
Minbatch, batch size: 256, elapsed: 0.000698089599609375
Minbatch, batch size: 256, elapsed: 0.0006926059722900391
Minbatch, batch size: 256, elapsed: 0.0009343624114990234
Minbatch, batch size: 256, elapsed: 0.0007731914520263672
Minbatch, batch size: 256, elapsed: 0.0007696151733398438
Minbatch, batch size: 256, elapsed: 0.000762939453125
Minbatch, batch size: 256, elapsed: 0.0007479190826416016
Minbatch, batch size: 256, elapsed: 0.0007998943328857422
Minbatch, batch size: 256, elapsed: 0.0012018680572509766
Minbatch, batch size: 256, elapsed: 0.001020193099975586
Minbatch, batch size: 256, elapsed: 0.0007572174072265625
Minbatch, batch size: 256, elapsed: 0.0007574558258056641
Minbatch, batch size: 256, elapsed: 0.0007460117340087891
Minbatch, batch size: 256, elapsed: 0.0008914470672607422
Minbatch, batch size: 256, elapsed: 0.000797271728515625
Minbatch, batch size: 256, elapsed: 0.0007379055023193359
Minbatch, batch size: 256, elapsed: 0.0007379055023193359
Minbatch, batch size: 256, elapsed: 0.0007476806640625
Minbatch, batch size: 256, elapsed: 0.0009510517120361328
Minbatch, batch size: 256, elapsed: 0.0007894039154052734
Minbatch, batch size: 256, elapsed: 0.0007376670837402344
Minbatch, batch size: 256, elapsed: 0.0007326602935791016
Minbatch, batch size: 256, elapsed: 0.0010075569152832031
Minbatch, batch size: 256, elapsed: 0.0008714199066162109
Minbatch, batch size: 256, elapsed: 0.0011081695556640625
Minbatch, batch size: 256, elapsed: 0.0007398128509521484
Minbatch, batch size: 256, elapsed: 0.0007283687591552734
Minbatch, batch size: 256, elapsed: 0.0007579326629638672
Minbatch, batch size: 256, elapsed: 0.0007309913635253906
[QUANT] semantic index
[semantic] loading embedding from /root/rivermind-data/EAGER/ckpt/embeddings/Yelp/Yelp.ordered.npy
[semantic] embedding shape=(20033, 256) cuda_device=1
[semantic] start Tree construction
start to construct
get into cluster training process
start to cluster
Train iteration done, pcode:0, data size: 65536, elapsed time: 127.31587982177734
start to process mini-batch parallel.....................................
cluster all the nodes, cost 64.70649719238281 s
[semantic] item_to_code -> /root/rivermind-data/EAGER/quant/outputs/Yelp/eager_semantic_k256_item_to_code.npy
[semantic] code_to_item -> /root/rivermind-data/EAGER/quant/outputs/Yelp/eager_semantic_k256_code_to_item.npy
[semantic] tiger index -> /root/rivermind-data/EAGER/quant/outputs/Yelp/eager_semantic_k256.index.json
[semantic] finished tree export
Minbatch, batch size: 256, elapsed: 0.0009317398071289062
Minbatch, batch size: 256, elapsed: 0.0007812976837158203
Minbatch, batch size: 256, elapsed: 0.0008003711700439453
Minbatch, batch size: 256, elapsed: 0.0007777214050292969
Minbatch, batch size: 256, elapsed: 0.0007710456848144531
Minbatch, batch size: 256, elapsed: 0.0009343624114990234
Minbatch, batch size: 256, elapsed: 0.0007891654968261719
Minbatch, batch size: 256, elapsed: 0.0007798671722412109
Minbatch, batch size: 256, elapsed: 0.0007729530334472656
Minbatch, batch size: 256, elapsed: 0.0007946491241455078
Minbatch, batch size: 256, elapsed: 0.0008838176727294922
Minbatch, batch size: 256, elapsed: 0.0007932186126708984
Minbatch, batch size: 256, elapsed: 0.0010657310485839844
Minbatch, batch size: 256, elapsed: 0.0007340908050537109
Minbatch, batch size: 256, elapsed: 0.0009019374847412109
Minbatch, batch size: 256, elapsed: 0.0010571479797363281
Minbatch, batch size: 256, elapsed: 0.0007901191711425781
Minbatch, batch size: 256, elapsed: 0.0007662773132324219
Minbatch, batch size: 256, elapsed: 0.0007796287536621094
Minbatch, batch size: 256, elapsed: 0.0007946491241455078
Minbatch, batch size: 256, elapsed: 0.0009047985076904297
Minbatch, batch size: 256, elapsed: 0.0007886886596679688
Minbatch, batch size: 256, elapsed: 0.0007662773132324219
Minbatch, batch size: 256, elapsed: 0.0008628368377685547
Minbatch, batch size: 256, elapsed: 0.0009672641754150391
Minbatch, batch size: 256, elapsed: 0.000896453857421875
Minbatch, batch size: 256, elapsed: 0.0007698535919189453
Minbatch, batch size: 256, elapsed: 0.0007662773132324219
Minbatch, batch size: 256, elapsed: 0.000728607177734375
Minbatch, batch size: 256, elapsed: 0.0007257461547851562
Minbatch, batch size: 256, elapsed: 0.0010154247283935547
Minbatch, batch size: 256, elapsed: 0.0007953643798828125
Minbatch, batch size: 256, elapsed: 0.0007300376892089844
Minbatch, batch size: 256, elapsed: 0.0007224082946777344
Minbatch, batch size: 256, elapsed: 0.0007600784301757812
Minbatch, batch size: 256, elapsed: 0.0009007453918457031
Minbatch, batch size: 256, elapsed: 0.0007650852203369141
Minbatch, batch size: 256, elapsed: 0.0007593631744384766
Minbatch, batch size: 256, elapsed: 0.0007350444793701172
Minbatch, batch size: 256, elapsed: 0.0007429122924804688
Minbatch, batch size: 256, elapsed: 0.0009226799011230469
Minbatch, batch size: 256, elapsed: 0.0008563995361328125
Minbatch, batch size: 256, elapsed: 0.000980377197265625
Minbatch, batch size: 256, elapsed: 0.0008065700531005859
Minbatch, batch size: 256, elapsed: 0.0007748603820800781
Minbatch, batch size: 256, elapsed: 0.0010669231414794922
Minbatch, batch size: 256, elapsed: 0.0007326602935791016
Minbatch, batch size: 256, elapsed: 0.0007474422454833984
Minbatch, batch size: 256, elapsed: 0.0007429122924804688
Minbatch, batch size: 256, elapsed: 0.0007150173187255859
Minbatch, batch size: 256, elapsed: 0.0009191036224365234
Minbatch, batch size: 256, elapsed: 0.0008368492126464844
Minbatch, batch size: 256, elapsed: 0.0007727146148681641
Minbatch, batch size: 256, elapsed: 0.0007872581481933594
Minbatch, batch size: 256, elapsed: 0.0008218288421630859
Minbatch, batch size: 256, elapsed: 0.0009555816650390625
Minbatch, batch size: 256, elapsed: 0.0008392333984375
Minbatch, batch size: 256, elapsed: 0.0007996559143066406
Minbatch, batch size: 256, elapsed: 0.0008182525634765625
Minbatch, batch size: 256, elapsed: 0.0008044242858886719
Minbatch, batch size: 256, elapsed: 0.0009431838989257812
Minbatch, batch size: 256, elapsed: 0.0008113384246826172
Minbatch, batch size: 256, elapsed: 0.0008080005645751953
Minbatch, batch size: 256, elapsed: 0.0007624626159667969
Minbatch, batch size: 256, elapsed: 0.0007801055908203125
Minbatch, batch size: 256, elapsed: 0.0009107589721679688
Minbatch, batch size: 256, elapsed: 0.0008132457733154297
Minbatch, batch size: 256, elapsed: 0.0007472038269042969
Minbatch, batch size: 256, elapsed: 0.0008389949798583984
Minbatch, batch size: 256, elapsed: 0.0007414817810058594
Minbatch, batch size: 256, elapsed: 0.0009090900421142578
Minbatch, batch size: 256, elapsed: 0.0008187294006347656
Minbatch, batch size: 256, elapsed: 0.0007584095001220703
Minbatch, batch size: 256, elapsed: 0.0007650852203369141
Minbatch, batch size: 256, elapsed: 0.0007679462432861328
Minbatch, batch size: 256, elapsed: 0.0009675025939941406
Minbatch, batch size: 256, elapsed: 0.0008056163787841797
Minbatch, batch size: 256, elapsed: 0.0008604526519775391
Minbatch, batch size: 256, elapsed: 0.0007662773132324219
Minbatch, batch size: 256, elapsed: 0.0007774829864501953
Minbatch, batch size: 256, elapsed: 0.0009355545043945312
Minbatch, batch size: 256, elapsed: 0.0009238719940185547
Minbatch, batch size: 256, elapsed: 0.0008018016815185547
Minbatch, batch size: 256, elapsed: 0.0007905960083007812
Minbatch, batch size: 256, elapsed: 0.0007779598236083984
Minbatch, batch size: 256, elapsed: 0.0009157657623291016
Minbatch, batch size: 256, elapsed: 0.0007812976837158203
Minbatch, batch size: 256, elapsed: 0.0009481906890869141
Minbatch, batch size: 256, elapsed: 0.0007741451263427734
Minbatch, batch size: 256, elapsed: 0.0007605552673339844
Minbatch, batch size: 256, elapsed: 0.0010008811950683594
Minbatch, batch size: 256, elapsed: 0.0008966922760009766
Minbatch, batch size: 256, elapsed: 0.0007994174957275391
Minbatch, batch size: 256, elapsed: 0.0007812976837158203
Minbatch, batch size: 256, elapsed: 0.0007665157318115234
Minbatch, batch size: 256, elapsed: 0.000865936279296875
Minbatch, batch size: 256, elapsed: 0.0008053779602050781
Minbatch, batch size: 256, elapsed: 0.000782012939453125
Minbatch, batch size: 256, elapsed: 0.0007710456848144531
Minbatch, batch size: 256, elapsed: 0.0007579326629638672
Minbatch, batch size: 256, elapsed: 0.0009591579437255859
Minbatch, batch size: 256, elapsed: 0.0009448528289794922
Minbatch, batch size: 256, elapsed: 0.0007410049438476562
Minbatch, batch size: 256, elapsed: 0.0007545948028564453
Minbatch, batch size: 256, elapsed: 0.0007779598236083984
Minbatch, batch size: 256, elapsed: 0.0009121894836425781
Minbatch, batch size: 256, elapsed: 0.0008523464202880859
Minbatch, batch size: 256, elapsed: 0.0007963180541992188
Minbatch, batch size: 256, elapsed: 0.0009801387786865234
Minbatch, batch size: 256, elapsed: 0.0009410381317138672
Minbatch, batch size: 256, elapsed: 0.001001119613647461
Minbatch, batch size: 256, elapsed: 0.0010251998901367188
Minbatch, batch size: 256, elapsed: 0.0007729530334472656
Minbatch, batch size: 256, elapsed: 0.0008349418640136719
Minbatch, batch size: 256, elapsed: 0.0007851123809814453
Minbatch, batch size: 256, elapsed: 0.0012059211730957031
Minbatch, batch size: 256, elapsed: 0.0008153915405273438
Minbatch, batch size: 256, elapsed: 0.0008091926574707031
Minbatch, batch size: 256, elapsed: 0.0007655620574951172
Minbatch, batch size: 256, elapsed: 0.0007603168487548828
Minbatch, batch size: 256, elapsed: 0.0008807182312011719
Minbatch, batch size: 256, elapsed: 0.0007548332214355469
Minbatch, batch size: 256, elapsed: 0.0007555484771728516
Minbatch, batch size: 256, elapsed: 0.0007648468017578125
Minbatch, batch size: 256, elapsed: 0.0007321834564208984
Minbatch, batch size: 256, elapsed: 0.0010569095611572266
Minbatch, batch size: 256, elapsed: 0.0009779930114746094
Minbatch, batch size: 256, elapsed: 0.0007228851318359375
Minbatch, batch size: 256, elapsed: 0.0007762908935546875
Minbatch, batch size: 256, elapsed: 0.0007486343383789062
Minbatch, batch size: 256, elapsed: 0.0008881092071533203
Minbatch, batch size: 256, elapsed: 0.0007207393646240234
Minbatch, batch size: 256, elapsed: 0.0007309913635253906
Minbatch, batch size: 256, elapsed: 0.0007300376892089844
Minbatch, batch size: 256, elapsed: 0.00074005126953125
Minbatch, batch size: 256, elapsed: 0.0009462833404541016
Minbatch, batch size: 256, elapsed: 0.0008330345153808594
Minbatch, batch size: 256, elapsed: 0.0008199214935302734
Minbatch, batch size: 256, elapsed: 0.000904083251953125
Minbatch, batch size: 256, elapsed: 0.0008077621459960938
Minbatch, batch size: 256, elapsed: 0.0010437965393066406
Minbatch, batch size: 256, elapsed: 0.0007417201995849609
Minbatch, batch size: 256, elapsed: 0.0007975101470947266
Minbatch, batch size: 256, elapsed: 0.0008337497711181641
Minbatch, batch size: 256, elapsed: 0.0007874965667724609
Minbatch, batch size: 256, elapsed: 0.0011105537414550781
Minbatch, batch size: 256, elapsed: 0.0008406639099121094
Minbatch, batch size: 256, elapsed: 0.0009303092956542969
Minbatch, batch size: 256, elapsed: 0.000774383544921875
Minbatch, batch size: 256, elapsed: 0.0007359981536865234
Minbatch, batch size: 256, elapsed: 0.0008857250213623047
Minbatch, batch size: 256, elapsed: 0.0010106563568115234
Minbatch, batch size: 256, elapsed: 0.0007717609405517578
Minbatch, batch size: 256, elapsed: 0.0007505416870117188
Minbatch, batch size: 256, elapsed: 0.0007426738739013672
Minbatch, batch size: 256, elapsed: 0.0009834766387939453
Minbatch, batch size: 256, elapsed: 0.0008356571197509766
Minbatch, batch size: 256, elapsed: 0.0008575916290283203
Minbatch, batch size: 256, elapsed: 0.0007963180541992188
Minbatch, batch size: 256, elapsed: 0.0008018016815185547
Minbatch, batch size: 256, elapsed: 0.0010330677032470703
Minbatch, batch size: 256, elapsed: 0.001018524169921875
Minbatch, batch size: 256, elapsed: 0.0007915496826171875
Minbatch, batch size: 256, elapsed: 0.0007789134979248047
Minbatch, batch size: 256, elapsed: 0.0007870197296142578
Minbatch, batch size: 256, elapsed: 0.0009088516235351562
Minbatch, batch size: 256, elapsed: 0.0008356571197509766
Minbatch, batch size: 256, elapsed: 0.0008020401000976562
Minbatch, batch size: 256, elapsed: 0.0007541179656982422
Minbatch, batch size: 256, elapsed: 0.0007796287536621094
Minbatch, batch size: 256, elapsed: 0.0008935928344726562
Minbatch, batch size: 256, elapsed: 0.00080108642578125
Minbatch, batch size: 256, elapsed: 0.0007655620574951172
Minbatch, batch size: 256, elapsed: 0.0007481575012207031
Minbatch, batch size: 256, elapsed: 0.0007376670837402344
Minbatch, batch size: 256, elapsed: 0.0008628368377685547
Minbatch, batch size: 256, elapsed: 0.0009741783142089844
Minbatch, batch size: 256, elapsed: 0.0007369518280029297
Minbatch, batch size: 256, elapsed: 0.0007474422454833984
Minbatch, batch size: 256, elapsed: 0.0010294914245605469
Minbatch, batch size: 256, elapsed: 0.0008740425109863281
Minbatch, batch size: 256, elapsed: 0.0010612010955810547
Minbatch, batch size: 256, elapsed: 0.0007839202880859375
Minbatch, batch size: 256, elapsed: 0.0007631778717041016
Minbatch, batch size: 256, elapsed: 0.0008199214935302734
Minbatch, batch size: 256, elapsed: 0.0008971691131591797
Minbatch, batch size: 256, elapsed: 0.0009436607360839844
Minbatch, batch size: 256, elapsed: 0.0007524490356445312
Minbatch, batch size: 256, elapsed: 0.0007889270782470703
Minbatch, batch size: 256, elapsed: 0.0007982254028320312
Minbatch, batch size: 256, elapsed: 0.0009205341339111328
Minbatch, batch size: 256, elapsed: 0.0007662773132324219
Minbatch, batch size: 256, elapsed: 0.0007417201995849609
Minbatch, batch size: 256, elapsed: 0.0007410049438476562
Minbatch, batch size: 256, elapsed: 0.0007545948028564453
Minbatch, batch size: 256, elapsed: 0.0007750988006591797
Minbatch, batch size: 256, elapsed: 0.0009071826934814453
Minbatch, batch size: 256, elapsed: 0.0008165836334228516
Minbatch, batch size: 256, elapsed: 0.0007319450378417969
Minbatch, batch size: 256, elapsed: 0.0007872581481933594
Minbatch, batch size: 256, elapsed: 0.0007266998291015625
Minbatch, batch size: 256, elapsed: 0.0007619857788085938
Minbatch, batch size: 256, elapsed: 0.0008873939514160156
Minbatch, batch size: 256, elapsed: 0.0011644363403320312
Minbatch, batch size: 256, elapsed: 0.0008327960968017578
Minbatch, batch size: 256, elapsed: 0.000766754150390625
Minbatch, batch size: 256, elapsed: 0.0008249282836914062
Minbatch, batch size: 256, elapsed: 0.0009758472442626953
Minbatch, batch size: 256, elapsed: 0.0009739398956298828
Minbatch, batch size: 256, elapsed: 0.0007736682891845703
Minbatch, batch size: 256, elapsed: 0.0007746219635009766
Minbatch, batch size: 256, elapsed: 0.0007853507995605469
Minbatch, batch size: 256, elapsed: 0.0007677078247070312
Minbatch, batch size: 256, elapsed: 0.0008649826049804688
Minbatch, batch size: 256, elapsed: 0.0010547637939453125
Minbatch, batch size: 256, elapsed: 0.0007691383361816406
Minbatch, batch size: 256, elapsed: 0.0009522438049316406
Minbatch, batch size: 256, elapsed: 0.0007901191711425781
Minbatch, batch size: 256, elapsed: 0.0009434223175048828
Minbatch, batch size: 256, elapsed: 0.0008473396301269531
Minbatch, batch size: 256, elapsed: 0.0007557868957519531
Minbatch, batch size: 256, elapsed: 0.0007424354553222656
Minbatch, batch size: 256, elapsed: 0.0007650852203369141
Minbatch, batch size: 256, elapsed: 0.0010471343994140625
Minbatch, batch size: 256, elapsed: 0.0007894039154052734
Minbatch, batch size: 256, elapsed: 0.0007593631744384766
Minbatch, batch size: 256, elapsed: 0.0007715225219726562
Minbatch, batch size: 256, elapsed: 0.0007638931274414062
Minbatch, batch size: 256, elapsed: 0.0007698535919189453
Minbatch, batch size: 256, elapsed: 0.0009126663208007812
Minbatch, batch size: 256, elapsed: 0.0008475780487060547
Minbatch, batch size: 256, elapsed: 0.0008132457733154297
Minbatch, batch size: 256, elapsed: 0.0008554458618164062
Minbatch, batch size: 256, elapsed: 0.000986337661743164
Minbatch, batch size: 256, elapsed: 0.0007982254028320312
Minbatch, batch size: 256, elapsed: 0.0008623600006103516
Minbatch, batch size: 256, elapsed: 0.0009920597076416016
Minbatch, batch size: 256, elapsed: 0.0007739067077636719
Minbatch, batch size: 256, elapsed: 0.0007910728454589844
Minbatch, batch size: 256, elapsed: 0.0007958412170410156
Minbatch, batch size: 256, elapsed: 0.00092315673828125
Minbatch, batch size: 256, elapsed: 0.0009675025939941406
Minbatch, batch size: 256, elapsed: 0.0007719993591308594
Minbatch, batch size: 256, elapsed: 0.0007569789886474609
Minbatch, batch size: 256, elapsed: 0.0007851123809814453
Minbatch, batch size: 256, elapsed: 0.0009391307830810547
Minbatch, batch size: 256, elapsed: 0.0008161067962646484
Minbatch, batch size: 256, elapsed: 0.0007925033569335938
Minbatch, batch size: 256, elapsed: 0.0007481575012207031
Minbatch, batch size: 256, elapsed: 0.0007686614990234375
Minbatch, batch size: 256, elapsed: 0.0009634494781494141
Minbatch, batch size: 256, elapsed: 0.0009253025054931641
Minbatch, batch size: 256, elapsed: 0.0008716583251953125
Minbatch, batch size: 256, elapsed: 0.0008463859558105469
Minbatch, batch size: 256, elapsed: 0.0008881092071533203
Minbatch, batch size: 256, elapsed: 0.0007581710815429688
[DONE] prepared Yelp with item_id_base=0
